Archive member included to satisfy reference by file (symbol)

c:/program files (x86)/atollic/truestudio for stm32 9.1.0/armtools/bin/../lib/gcc/arm-atollic-eabi/6.3.1/../../../../arm-atollic-eabi/lib/armv7e-m/fpu\libc_nano.a(lib_a-init.o)
                              startup\startup_stm32f407xx.o (__libc_init_array)
c:/program files (x86)/atollic/truestudio for stm32 9.1.0/armtools/bin/../lib/gcc/arm-atollic-eabi/6.3.1/../../../../arm-atollic-eabi/lib/armv7e-m/fpu\libm.a(lib_a-w_asin.o)
                              Src\Filter.o (asin)
c:/program files (x86)/atollic/truestudio for stm32 9.1.0/armtools/bin/../lib/gcc/arm-atollic-eabi/6.3.1/../../../../arm-atollic-eabi/lib/armv7e-m/fpu\libm.a(lib_a-w_atan2.o)
                              Src\Filter.o (atan2)
c:/program files (x86)/atollic/truestudio for stm32 9.1.0/armtools/bin/../lib/gcc/arm-atollic-eabi/6.3.1/../../../../arm-atollic-eabi/lib/armv7e-m/fpu\libm.a(lib_a-w_sqrt.o)
                              Src\Filter.o (sqrt)
c:/program files (x86)/atollic/truestudio for stm32 9.1.0/armtools/bin/../lib/gcc/arm-atollic-eabi/6.3.1/../../../../arm-atollic-eabi/lib/armv7e-m/fpu\libm.a(lib_a-wf_asin.o)
                              Src\MPU9250.o (asinf)
c:/program files (x86)/atollic/truestudio for stm32 9.1.0/armtools/bin/../lib/gcc/arm-atollic-eabi/6.3.1/../../../../arm-atollic-eabi/lib/armv7e-m/fpu\libm.a(lib_a-wf_atan2.o)
                              Src\MPU9250.o (atan2f)
c:/program files (x86)/atollic/truestudio for stm32 9.1.0/armtools/bin/../lib/gcc/arm-atollic-eabi/6.3.1/../../../../arm-atollic-eabi/lib/armv7e-m/fpu\libm.a(lib_a-e_asin.o)
                              c:/program files (x86)/atollic/truestudio for stm32 9.1.0/armtools/bin/../lib/gcc/arm-atollic-eabi/6.3.1/../../../../arm-atollic-eabi/lib/armv7e-m/fpu\libm.a(lib_a-w_asin.o) (__ieee754_asin)
c:/program files (x86)/atollic/truestudio for stm32 9.1.0/armtools/bin/../lib/gcc/arm-atollic-eabi/6.3.1/../../../../arm-atollic-eabi/lib/armv7e-m/fpu\libm.a(lib_a-e_atan2.o)
                              c:/program files (x86)/atollic/truestudio for stm32 9.1.0/armtools/bin/../lib/gcc/arm-atollic-eabi/6.3.1/../../../../arm-atollic-eabi/lib/armv7e-m/fpu\libm.a(lib_a-w_atan2.o) (__ieee754_atan2)
c:/program files (x86)/atollic/truestudio for stm32 9.1.0/armtools/bin/../lib/gcc/arm-atollic-eabi/6.3.1/../../../../arm-atollic-eabi/lib/armv7e-m/fpu\libm.a(lib_a-e_sqrt.o)
                              c:/program files (x86)/atollic/truestudio for stm32 9.1.0/armtools/bin/../lib/gcc/arm-atollic-eabi/6.3.1/../../../../arm-atollic-eabi/lib/armv7e-m/fpu\libm.a(lib_a-w_sqrt.o) (__ieee754_sqrt)
c:/program files (x86)/atollic/truestudio for stm32 9.1.0/armtools/bin/../lib/gcc/arm-atollic-eabi/6.3.1/../../../../arm-atollic-eabi/lib/armv7e-m/fpu\libm.a(lib_a-ef_asin.o)
                              c:/program files (x86)/atollic/truestudio for stm32 9.1.0/armtools/bin/../lib/gcc/arm-atollic-eabi/6.3.1/../../../../arm-atollic-eabi/lib/armv7e-m/fpu\libm.a(lib_a-wf_asin.o) (__ieee754_asinf)
c:/program files (x86)/atollic/truestudio for stm32 9.1.0/armtools/bin/../lib/gcc/arm-atollic-eabi/6.3.1/../../../../arm-atollic-eabi/lib/armv7e-m/fpu\libm.a(lib_a-ef_atan2.o)
                              c:/program files (x86)/atollic/truestudio for stm32 9.1.0/armtools/bin/../lib/gcc/arm-atollic-eabi/6.3.1/../../../../arm-atollic-eabi/lib/armv7e-m/fpu\libm.a(lib_a-wf_atan2.o) (__ieee754_atan2f)
c:/program files (x86)/atollic/truestudio for stm32 9.1.0/armtools/bin/../lib/gcc/arm-atollic-eabi/6.3.1/../../../../arm-atollic-eabi/lib/armv7e-m/fpu\libm.a(lib_a-ef_sqrt.o)
                              c:/program files (x86)/atollic/truestudio for stm32 9.1.0/armtools/bin/../lib/gcc/arm-atollic-eabi/6.3.1/../../../../arm-atollic-eabi/lib/armv7e-m/fpu\libm.a(lib_a-ef_asin.o) (__ieee754_sqrtf)
c:/program files (x86)/atollic/truestudio for stm32 9.1.0/armtools/bin/../lib/gcc/arm-atollic-eabi/6.3.1/../../../../arm-atollic-eabi/lib/armv7e-m/fpu\libm.a(lib_a-s_atan.o)
                              c:/program files (x86)/atollic/truestudio for stm32 9.1.0/armtools/bin/../lib/gcc/arm-atollic-eabi/6.3.1/../../../../arm-atollic-eabi/lib/armv7e-m/fpu\libm.a(lib_a-e_atan2.o) (atan)
c:/program files (x86)/atollic/truestudio for stm32 9.1.0/armtools/bin/../lib/gcc/arm-atollic-eabi/6.3.1/../../../../arm-atollic-eabi/lib/armv7e-m/fpu\libm.a(lib_a-s_fabs.o)
                              c:/program files (x86)/atollic/truestudio for stm32 9.1.0/armtools/bin/../lib/gcc/arm-atollic-eabi/6.3.1/../../../../arm-atollic-eabi/lib/armv7e-m/fpu\libm.a(lib_a-w_asin.o) (fabs)
c:/program files (x86)/atollic/truestudio for stm32 9.1.0/armtools/bin/../lib/gcc/arm-atollic-eabi/6.3.1/../../../../arm-atollic-eabi/lib/armv7e-m/fpu\libm.a(lib_a-s_lib_ver.o)
[...]
Memory Configuration

Name             Origin             Length             Attributes
RAM              0x20000000         0x00020000         xrw
CCMRAM           0x10000000         0x00010000         rw
FLASH            0x08000000         0x00100000         xr
*default*        0x00000000         0xffffffff

Linker script and memory map

LOAD c:/program files (x86)/atollic/truestudio for stm32 9.1.0/armtools/bin/../lib/gcc/arm-atollic-eabi/6.3.1/armv7e-m/fpu/crti.o
LOAD c:/program files (x86)/atollic/truestudio for stm32 9.1.0/armtools/bin/../lib/gcc/arm-atollic-eabi/6.3.1/armv7e-m/fpu/crtbegin.o
LOAD Drivers\STM32F4xx_HAL_Driver\Src\stm32f4xx_hal.o
LOAD Drivers\STM32F4xx_HAL_Driver\Src\stm32f4xx_hal_adc.o
LOAD Drivers\STM32F4xx_HAL_Driver\Src\stm32f4xx_hal_adc_ex.o
LOAD Drivers\STM32F4xx_HAL_Driver\Src\stm32f4xx_hal_cortex.o
LOAD Drivers\STM32F4xx_HAL_Driver\Src\stm32f4xx_hal_dma.o
LOAD Drivers\STM32F4xx_HAL_Driver\Src\stm32f4xx_hal_dma_ex.o
LOAD Drivers\STM32F4xx_HAL_Driver\Src\stm32f4xx_hal_flash.o
LOAD Drivers\STM32F4xx_HAL_Driver\Src\stm32f4xx_hal_flash_ex.o
LOAD Drivers\STM32F4xx_HAL_Driver\Src\stm32f4xx_hal_flash_ramfunc.o
LOAD Drivers\STM32F4xx_HAL_Driver\Src\stm32f4xx_hal_gpio.o
LOAD Drivers\STM32F4xx_HAL_Driver\Src\stm32f4xx_hal_i2c.o
LOAD Drivers\STM32F4xx_HAL_Driver\Src\stm32f4xx_hal_i2c_ex.o
LOAD Drivers\STM32F4xx_HAL_Driver\Src\stm32f4xx_hal_pwr.o
LOAD Drivers\STM32F4xx_HAL_Driver\Src\stm32f4xx_hal_pwr_ex.o
LOAD Drivers\STM32F4xx_HAL_Driver\Src\stm32f4xx_hal_rcc.o
LOAD Drivers\STM32F4xx_HAL_Driver\Src\stm32f4xx_hal_rcc_ex.o
LOAD Drivers\STM32F4xx_HAL_Driver\Src\stm32f4xx_hal_tim.o
LOAD Drivers\STM32F4xx_HAL_Driver\Src\stm32f4xx_hal_tim_ex.o
LOAD Drivers\STM32F4xx_HAL_Driver\Src\stm32f4xx_hal_usart.o
LOAD Src\BGC.o
LOAD Src\BLDC.o
LOAD Src\Filter.o
LOAD Src\MPU9250.o
LOAD Src\adc.o
LOAD Src\bgc_math.o
LOAD Src\dma.o
LOAD Src\gpio.o
LOAD Src\i2c.o
LOAD Src\main.o
LOAD Src\stm32f4xx_hal_msp.o
LOAD Src\stm32f4xx_it.o
LOAD Src\system_stm32f4xx.o
LOAD Src\tim.o
LOAD Src\usart.o
LOAD startup\startup_stm32f407xx.o
                0x00000080                malloc_getpagesize_P = 0x80
START GROUP
LOAD c:/program files (x86)/atollic/truestudio for stm32 9.1.0/armtools/bin/../lib/gcc/arm-atollic-eabi/6.3.1/../../../../arm-atollic-eabi/lib/armv7e-m/fpu\libc_nano.a
LOAD c:/program files (x86)/atollic/truestudio for stm32 9.1.0/armtools/bin/../lib/gcc/arm-atollic-eabi/6.3.1/../../../../arm-atollic-eabi/lib/armv7e-m/fpu\libm.a
END GROUP
START GROUP
LOAD c:/program files (x86)/atollic/truestudio for stm32 9.1.0/armtools/bin/../lib/gcc/arm-atollic-eabi/6.3.1/armv7e-m/fpu\libgcc.a
LOAD c:/program files (x86)/atollic/truestudio for stm32 9.1.0/armtools/bin/../lib/gcc/arm-atollic-eabi/6.3.1/../../../../arm-atollic-eabi/lib/armv7e-m/fpu\libc_nano.a
END GROUP
START GROUP
LOAD c:/program files (x86)/atollic/truestudio for stm32 9.1.0/armtools/bin/../lib/gcc/arm-atollic-eabi/6.3.1/armv7e-m/fpu\libgcc.a
LOAD c:/program files (x86)/atollic/truestudio for stm32 9.1.0/armtools/bin/../lib/gcc/arm-atollic-eabi/6.3.1/../../../../arm-atollic-eabi/lib/armv7e-m/fpu\libc_nano.a
LOAD c:/program files (x86)/atollic/truestudio for stm32 9.1.0/armtools/bin/../lib/gcc/arm-atollic-eabi/6.3.1/../../../../arm-atollic-eabi/lib/armv7e-m/fpu\libnosys.a
END GROUP
START GROUP
LOAD c:/program files (x86)/atollic/truestudio for stm32 9.1.0/armtools/bin/../lib/gcc/arm-atollic-eabi/6.3.1/armv7e-m/fpu\libgcc.a
LOAD c:/program files (x86)/atollic/truestudio for stm32 9.1.0/armtools/bin/../lib/gcc/arm-atollic-eabi/6.3.1/../../../../arm-atollic-eabi/lib/armv7e-m/fpu\libc_nano.a
LOAD c:/program files (x86)/atollic/truestudio for stm32 9.1.0/armtools/bin/../lib/gcc/arm-atollic-eabi/6.3.1/../../../../arm-atollic-eabi/lib/armv7e-m/fpu\libnosys.a
END GROUP
LOAD c:/program files (x86)/atollic/truestudio for stm32 9.1.0/armtools/bin/../lib/gcc/arm-atollic-eabi/6.3.1/armv7e-m/fpu/crtend.o
LOAD c:/program files (x86)/atollic/truestudio for stm32 9.1.0/armtools/bin/../lib/gcc/arm-atollic-eabi/6.3.1/armv7e-m/fpu/crtn.o
                0x20020000                _estack = 0x20020000
                0x00000200                _Min_Heap_Size = 0x200
                0x00000400                _Min_Stack_Size = 0x400

.isr_vector     0x08000000      0x188
                0x08000000                . = ALIGN (0x4)
 *(.isr_vector)
 .isr_vector    0x08000000      0x188 startup\startup_stm32f407xx.o
                0x08000000                g_pfnVectors
                0x08000188                . = ALIGN (0x4)

.text           0x08000188     0x71a4
                0x08000188                . = ALIGN (0x4)
 *(.text)
 .text          0x08000188       0x40 c:/program files (x86)/atollic/truestudio for stm32 9.1.0/armtools/bin/../lib/gcc/arm-atollic-eabi/6.3.1/armv7e-m/fpu/crtbegin.o
 .text          0x080001c8      0x370 c:/program files (x86)/atollic/truestudio for stm32 9.1.0/armtools/bin/../lib/gcc/arm-atollic-eabi/6.3.1/armv7e-m/fpu\libgcc.a(_arm_addsubdf3.o)
                0x080001c8                __aeabi_drsub
                0x080001d0                __aeabi_dsub
                0x080001d0                __subdf3
                0x080001d4                __aeabi_dadd
                0x080001d4                __adddf3
                0x0800044c                __floatunsidf
                0x0800044c                __aeabi_ui2d
                0x0800046c                __floatsidf
                0x0800046c                __aeabi_i2d
                0x08000490                __aeabi_f2d
                0x08000490                __extendsfdf2
                0x080004cc                __floatundidf
                0x080004cc                __aeabi_ul2d
                0x080004dc                __floatdidf
                0x080004dc                __aeabi_l2d
 .text          0x08000538      0x424 c:/program files (x86)/atollic/truestudio for stm32 9.1.0/armtools/bin/../lib/gcc/arm-atollic-eabi/6.3.1/armv7e-m/fpu\libgcc.a(_arm_muldivdf3.o)
                0x08000538                __aeabi_dmul
                0x08000538                __muldf3
                0x0800078c                __divdf3
                0x0800078c                __aeabi_ddiv
 .text          0x0800095c      0x110 c:/program files (x86)/atollic/truestudio for stm32 9.1.0/armtools/bin/../lib/gcc/arm-atollic-eabi/6.3.1/armv7e-m/fpu\libgcc.a(_arm_cmpdf2.o)
                0x0800095c                __gtdf2
                0x0800095c                __gedf2
                0x08000964                __ltdf2
                0x08000964                __ledf2
                0x0800096c                __nedf2
                0x0800096c                __eqdf2
                0x0800096c                __cmpdf2
                0x080009e8                __aeabi_cdrcmple
                0x080009f8                __aeabi_cdcmpeq
                0x080009f8                __aeabi_cdcmple
                0x08000a08                __aeabi_dcmpeq
                0x08000a1c                __aeabi_dcmplt
                0x08000a30                __aeabi_dcmple
                0x08000a44                __aeabi_dcmpge
                0x08000a58                __aeabi_dcmpgt
 .text          0x08000a6c       0x2c c:/program files (x86)/atollic/truestudio for stm32 9.1.0/armtools/bin/../lib/gcc/arm-atollic-eabi/6.3.1/armv7e-m/fpu\libgcc.a(_arm_unorddf2.o)
                0x08000a6c                __unorddf2
                0x08000a6c                __aeabi_dcmpun
 .text          0x08000a98       0xa0 c:/program files (x86)/atollic/truestudio for stm32 9.1.0/armtools/bin/../lib/gcc/arm-atollic-eabi/6.3.1/armv7e-m/fpu\libgcc.a(_arm_truncdfsf2.o)
                0x08000a98                __truncdfsf2
                0x08000a98                __aeabi_d2f
 .text          0x08000b38       0x30 c:/program files (x86)/atollic/truestudio for stm32 9.1.0/armtools/bin/../lib/gcc/arm-atollic-eabi/6.3.1/armv7e-m/fpu\libgcc.a(_aeabi_uldivmod.o)
                0x08000b38                __aeabi_uldivmod
 .text          0x08000b68      0x2dc c:/program files (x86)/atollic/truestudio for stm32 9.1.0/armtools/bin/../lib/gcc/arm-atollic-eabi/6.3.1/armv7e-m/fpu\libgcc.a(_udivmoddi4.o)
                0x08000b68                __udivmoddi4
 .text          0x08000e44        0x4 c:/program files (x86)/atollic/truestudio for stm32 9.1.0/armtools/bin/../lib/gcc/arm-atollic-eabi/6.3.1/armv7e-m/fpu\libgcc.a(_dvmd_tls.o)
                0x08000e44                __aeabi_idiv0
                0x08000e44                __aeabi_ldiv0
 *(.text*)
 .text.HAL_InitTick
                0x08000e48       0x48 Drivers\STM32F4xx_HAL_Driver\Src\stm32f4xx_hal.o
                0x08000e48                HAL_InitTick
 .text.HAL_Init
                0x08000e90       0x34 Drivers\STM32F4xx_HAL_Driver\Src\stm32f4xx_hal.o
                0x08000e90                HAL_Init
 .text.HAL_IncTick
                0x08000ec4       0x18 Drivers\STM32F4xx_HAL_Driver\Src\stm32f4xx_hal.o
                0x08000ec4                HAL_IncTick
 .text.HAL_GetTick
                0x08000edc        0xc Drivers\STM32F4xx_HAL_Driver\Src\stm32f4xx_hal.o
                0x08000edc                HAL_GetTick
 .text.HAL_Delay
                0x08000ee8       0x28 Drivers\STM32F4xx_HAL_Driver\Src\stm32f4xx_hal.o
                0x08000ee8                HAL_Delay
 .text.HAL_ADC_Init
                0x08000f10      0x148 Drivers\STM32F4xx_HAL_Driver\Src\stm32f4xx_hal_adc.o
                0x08000f10                HAL_ADC_Init
 .text.HAL_ADC_ConvCpltCallback
                0x08001058        0x2 Drivers\STM32F4xx_HAL_Driver\Src\stm32f4xx_hal_adc.o
                0x08001058                HAL_ADC_ConvCpltCallback
 .text.HAL_ADC_LevelOutOfWindowCallback
                0x0800105a        0x2 Drivers\STM32F4xx_HAL_Driver\Src\stm32f4xx_hal_adc.o
                0x0800105a                HAL_ADC_LevelOutOfWindowCallback
 .text.HAL_ADC_ErrorCallback
                0x0800105c        0x2 Drivers\STM32F4xx_HAL_Driver\Src\stm32f4xx_hal_adc.o
                0x0800105c                HAL_ADC_ErrorCallback
 .text.HAL_ADC_IRQHandler
                0x0800105e      0x128 Drivers\STM32F4xx_HAL_Driver\Src\stm32f4xx_hal_adc.o
                0x0800105e                HAL_ADC_IRQHandler
 *fill*         0x08001186        0x2 
 .text.HAL_ADC_ConfigChannel
                0x08001188      0x12c Drivers\STM32F4xx_HAL_Driver\Src\stm32f4xx_hal_adc.o
                0x08001188                HAL_ADC_ConfigChannel
 .text.HAL_ADCEx_InjectedConvCpltCallback
                0x080012b4        0x2 Drivers\STM32F4xx_HAL_Driver\Src\stm32f4xx_hal_adc_ex.o
                0x080012b4                HAL_ADCEx_InjectedConvCpltCallback
 *fill*         0x080012b6        0x2 
 .text.HAL_NVIC_SetPriorityGrouping
                0x080012b8       0x24 Drivers\STM32F4xx_HAL_Driver\Src\stm32f4xx_hal_cortex.o
                0x080012b8                HAL_NVIC_SetPriorityGrouping
 .text.HAL_NVIC_SetPriority
                0x080012dc       0x68 Drivers\STM32F4xx_HAL_Driver\Src\stm32f4xx_hal_cortex.o
                0x080012dc                HAL_NVIC_SetPriority
 .text.HAL_NVIC_EnableIRQ
                0x08001344       0x18 Drivers\STM32F4xx_HAL_Driver\Src\stm32f4xx_hal_cortex.o
                0x08001344                HAL_NVIC_EnableIRQ
 .text.HAL_SYSTICK_Config
                0x0800135c       0x2c Drivers\STM32F4xx_HAL_Driver\Src\stm32f4xx_hal_cortex.o
                0x0800135c                HAL_SYSTICK_Config
 .text.HAL_SYSTICK_CLKSourceConfig
                0x08001388       0x18 Drivers\STM32F4xx_HAL_Driver\Src\stm32f4xx_hal_cortex.o
                0x08001388                HAL_SYSTICK_CLKSourceConfig
 .text.HAL_SYSTICK_Callback
                0x080013a0        0x2 Drivers\STM32F4xx_HAL_Driver\Src\stm32f4xx_hal_cortex.o
                0x080013a0                HAL_SYSTICK_Callback
 .text.HAL_SYSTICK_IRQHandler
                0x080013a2        0x8 Drivers\STM32F4xx_HAL_Driver\Src\stm32f4xx_hal_cortex.o
                0x080013a2                HAL_SYSTICK_IRQHandler
 *fill*         0x080013aa        0x2 
 .text.DMA_CalcBaseAndBitshift
                0x080013ac       0x2c Drivers\STM32F4xx_HAL_Driver\Src\stm32f4xx_hal_dma.o
 .text.HAL_DMA_Init
                0x080013d8       0xfc Drivers\STM32F4xx_HAL_Driver\Src\stm32f4xx_hal_dma.o
                0x080013d8                HAL_DMA_Init
 .text.HAL_DMA_Abort_IT
                0x080014d4       0x24 Drivers\STM32F4xx_HAL_Driver\Src\stm32f4xx_hal_dma.o
                0x080014d4                HAL_DMA_Abort_IT
 .text.HAL_DMA_IRQHandler
                0x080014f8      0x174 Drivers\STM32F4xx_HAL_Driver\Src\stm32f4xx_hal_dma.o
                0x080014f8                HAL_DMA_IRQHandler
 .text.HAL_GPIO_Init
                0x0800166c      0x1c0 Drivers\STM32F4xx_HAL_Driver\Src\stm32f4xx_hal_gpio.o
                0x0800166c                HAL_GPIO_Init
 .text.HAL_GPIO_ReadPin
                0x0800182c        0xc Drivers\STM32F4xx_HAL_Driver\Src\stm32f4xx_hal_gpio.o
                0x0800182c                HAL_GPIO_ReadPin
 .text.HAL_GPIO_WritePin
                0x08001838        0xa Drivers\STM32F4xx_HAL_Driver\Src\stm32f4xx_hal_gpio.o
                0x08001838                HAL_GPIO_WritePin
 .text.I2C_IsAcknowledgeFailed
                0x08001842       0x2a Drivers\STM32F4xx_HAL_Driver\Src\stm32f4xx_hal_i2c.o
 .text.I2C_WaitOnMasterAddressFlagUntilTimeout
                0x0800186c       0x80 Drivers\STM32F4xx_HAL_Driver\Src\stm32f4xx_hal_i2c.o
 .text.I2C_WaitOnFlagUntilTimeout
                0x080018ec       0x5c Drivers\STM32F4xx_HAL_Driver\Src\stm32f4xx_hal_i2c.o
 .text.I2C_WaitOnTXEFlagUntilTimeout
                0x08001948       0x4c Drivers\STM32F4xx_HAL_Driver\Src\stm32f4xx_hal_i2c.o
 .text.I2C_RequestMemoryWrite
                0x08001994       0xa4 Drivers\STM32F4xx_HAL_Driver\Src\stm32f4xx_hal_i2c.o
 .text.I2C_RequestMemoryRead
                0x08001a38       0xf4 Drivers\STM32F4xx_HAL_Driver\Src\stm32f4xx_hal_i2c.o
 .text.I2C_WaitOnRXNEFlagUntilTimeout
                0x08001b2c       0x5a Drivers\STM32F4xx_HAL_Driver\Src\stm32f4xx_hal_i2c.o
 .text.I2C_WaitOnBTFFlagUntilTimeout
                0x08001b86       0x4c Drivers\STM32F4xx_HAL_Driver\Src\stm32f4xx_hal_i2c.o
 *fill*         0x08001bd2        0x2 
 .text.HAL_I2C_Init
                0x08001bd4       0xdc Drivers\STM32F4xx_HAL_Driver\Src\stm32f4xx_hal_i2c.o
                0x08001bd4                HAL_I2C_Init
 .text.HAL_I2C_Mem_Write
                0x08001cb0      0x12c Drivers\STM32F4xx_HAL_Driver\Src\stm32f4xx_hal_i2c.o
                0x08001cb0                HAL_I2C_Mem_Write
 .text.HAL_I2C_Mem_Read
                0x08001ddc      0x220 Drivers\STM32F4xx_HAL_Driver\Src\stm32f4xx_hal_i2c.o
                0x08001ddc                HAL_I2C_Mem_Read
 .text.HAL_I2C_MasterTxCpltCallback
                0x08001ffc        0x2 Drivers\STM32F4xx_HAL_Driver\Src\stm32f4xx_hal_i2c.o
                0x08001ffc                HAL_I2C_MasterTxCpltCallback
 .text.HAL_I2C_MasterRxCpltCallback
                0x08001ffe        0x2 Drivers\STM32F4xx_HAL_Driver\Src\stm32f4xx_hal_i2c.o
                0x08001ffe                HAL_I2C_MasterRxCpltCallback
 .text.HAL_I2C_SlaveTxCpltCallback
                0x08002000        0x2 Drivers\STM32F4xx_HAL_Driver\Src\stm32f4xx_hal_i2c.o
                0x08002000                HAL_I2C_SlaveTxCpltCallback
 .text.HAL_I2C_SlaveRxCpltCallback
                0x08002002        0x2 Drivers\STM32F4xx_HAL_Driver\Src\stm32f4xx_hal_i2c.o
                0x08002002                HAL_I2C_SlaveRxCpltCallback
 .text.HAL_I2C_AddrCallback
                0x08002004        0x2 Drivers\STM32F4xx_HAL_Driver\Src\stm32f4xx_hal_i2c.o
                0x08002004                HAL_I2C_AddrCallback
 .text.HAL_I2C_ListenCpltCallback
                0x08002006        0x2 Drivers\STM32F4xx_HAL_Driver\Src\stm32f4xx_hal_i2c.o
                0x08002006                HAL_I2C_ListenCpltCallback
 .text.HAL_I2C_MemTxCpltCallback
                0x08002008        0x2 Drivers\STM32F4xx_HAL_Driver\Src\stm32f4xx_hal_i2c.o
                0x08002008                HAL_I2C_MemTxCpltCallback
 .text.HAL_I2C_MemRxCpltCallback
                0x0800200a        0x2 Drivers\STM32F4xx_HAL_Driver\Src\stm32f4xx_hal_i2c.o
                0x0800200a                HAL_I2C_MemRxCpltCallback
 .text.HAL_I2C_ErrorCallback
                0x0800200c        0x2 Drivers\STM32F4xx_HAL_Driver\Src\stm32f4xx_hal_i2c.o
                0x0800200c                HAL_I2C_ErrorCallback
 .text.HAL_I2C_AbortCpltCallback
                0x0800200e        0x2 Drivers\STM32F4xx_HAL_Driver\Src\stm32f4xx_hal_i2c.o
                0x0800200e                HAL_I2C_AbortCpltCallback
 .text.I2C_ITError
                0x08002010      0x128 Drivers\STM32F4xx_HAL_Driver\Src\stm32f4xx_hal_i2c.o
 .text.HAL_I2C_EV_IRQHandler
                0x08002138      0x6d4 Drivers\STM32F4xx_HAL_Driver\Src\stm32f4xx_hal_i2c.o
                0x08002138                HAL_I2C_EV_IRQHandler
 .text.HAL_I2C_ER_IRQHandler
                0x0800280c      0x134 Drivers\STM32F4xx_HAL_Driver\Src\stm32f4xx_hal_i2c.o
                0x0800280c                HAL_I2C_ER_IRQHandler
 .text.I2C_DMAAbort
                0x08002940       0x4c Drivers\STM32F4xx_HAL_Driver\Src\stm32f4xx_hal_i2c.o
 .text.HAL_RCC_OscConfig
                0x0800298c      0x304 Drivers\STM32F4xx_HAL_Driver\Src\stm32f4xx_hal_rcc.o
                0x0800298c                HAL_RCC_OscConfig
 .text.HAL_RCC_GetSysClockFreq
                0x08002c90       0x5c Drivers\STM32F4xx_HAL_Driver\Src\stm32f4xx_hal_rcc.o
                0x08002c90                HAL_RCC_GetSysClockFreq
 .text.HAL_RCC_ClockConfig
                0x08002cec      0x134 Drivers\STM32F4xx_HAL_Driver\Src\stm32f4xx_hal_rcc.o
                0x08002cec                HAL_RCC_ClockConfig
 .text.HAL_RCC_GetHCLKFreq
                0x08002e20        0xc Drivers\STM32F4xx_HAL_Driver\Src\stm32f4xx_hal_rcc.o
                0x08002e20                HAL_RCC_GetHCLKFreq
 .text.HAL_RCC_GetPCLK1Freq
                0x08002e2c       0x20 Drivers\STM32F4xx_HAL_Driver\Src\stm32f4xx_hal_rcc.o
                0x08002e2c                HAL_RCC_GetPCLK1Freq
 .text.HAL_RCC_GetPCLK2Freq
                0x08002e4c       0x20 Drivers\STM32F4xx_HAL_Driver\Src\stm32f4xx_hal_rcc.o
                0x08002e4c                HAL_RCC_GetPCLK2Freq
 .text.TIM_OC1_SetConfig
                0x08002e6c       0x58 Drivers\STM32F4xx_HAL_Driver\Src\stm32f4xx_hal_tim.o
 .text.TIM_OC3_SetConfig
                0x08002ec4       0x60 Drivers\STM32F4xx_HAL_Driver\Src\stm32f4xx_hal_tim.o
 .text.TIM_OC4_SetConfig
                0x08002f24       0x50 Drivers\STM32F4xx_HAL_Driver\Src\stm32f4xx_hal_tim.o
 .text.HAL_TIM_Base_Start_IT
                0x08002f74       0x16 Drivers\STM32F4xx_HAL_Driver\Src\stm32f4xx_hal_tim.o
                0x08002f74                HAL_TIM_Base_Start_IT
 .text.HAL_TIM_PWM_MspInit
                0x08002f8a        0x2 Drivers\STM32F4xx_HAL_Driver\Src\stm32f4xx_hal_tim.o
                0x08002f8a                HAL_TIM_PWM_MspInit
 .text.HAL_TIM_Encoder_Start
                0x08002f8c       0x44 Drivers\STM32F4xx_HAL_Driver\Src\stm32f4xx_hal_tim.o
                0x08002f8c                HAL_TIM_Encoder_Start
 .text.HAL_TIM_ConfigClockSource
                0x08002fd0      0x172 Drivers\STM32F4xx_HAL_Driver\Src\stm32f4xx_hal_tim.o
                0x08002fd0                HAL_TIM_ConfigClockSource
 .text.HAL_TIM_OC_DelayElapsedCallback
                0x08003142        0x2 Drivers\STM32F4xx_HAL_Driver\Src\stm32f4xx_hal_tim.o
                0x08003142                HAL_TIM_OC_DelayElapsedCallback
 .text.HAL_TIM_IC_CaptureCallback
                0x08003144        0x2 Drivers\STM32F4xx_HAL_Driver\Src\stm32f4xx_hal_tim.o
                0x08003144                HAL_TIM_IC_CaptureCallback
 .text.HAL_TIM_PWM_PulseFinishedCallback
                0x08003146        0x2 Drivers\STM32F4xx_HAL_Driver\Src\stm32f4xx_hal_tim.o
                0x08003146                HAL_TIM_PWM_PulseFinishedCallback
 .text.HAL_TIM_TriggerCallback
                0x08003148        0x2 Drivers\STM32F4xx_HAL_Driver\Src\stm32f4xx_hal_tim.o
                0x08003148                HAL_TIM_TriggerCallback
 .text.HAL_TIM_IRQHandler
                0x0800314a      0x144 Drivers\STM32F4xx_HAL_Driver\Src\stm32f4xx_hal_tim.o
                0x0800314a                HAL_TIM_IRQHandler
 *fill*         0x0800328e        0x2 
 .text.TIM_Base_SetConfig
                0x08003290       0xc8 Drivers\STM32F4xx_HAL_Driver\Src\stm32f4xx_hal_tim.o
                0x08003290                TIM_Base_SetConfig
 .text.HAL_TIM_Base_Init
                0x08003358       0x34 Drivers\STM32F4xx_HAL_Driver\Src\stm32f4xx_hal_tim.o
                0x08003358                HAL_TIM_Base_Init
 .text.HAL_TIM_PWM_Init
                0x0800338c       0x34 Drivers\STM32F4xx_HAL_Driver\Src\stm32f4xx_hal_tim.o
                0x0800338c                HAL_TIM_PWM_Init
 .text.HAL_TIM_Encoder_Init
                0x080033c0       0x92 Drivers\STM32F4xx_HAL_Driver\Src\stm32f4xx_hal_tim.o
                0x080033c0                HAL_TIM_Encoder_Init
 *fill*         0x08003452        0x2 
 .text.TIM_OC2_SetConfig
                0x08003454       0x60 Drivers\STM32F4xx_HAL_Driver\Src\stm32f4xx_hal_tim.o
                0x08003454                TIM_OC2_SetConfig
 .text.HAL_TIM_PWM_ConfigChannel
                0x080034b4       0xc4 Drivers\STM32F4xx_HAL_Driver\Src\stm32f4xx_hal_tim.o
                0x080034b4                HAL_TIM_PWM_ConfigChannel
 .text.TIM_CCxChannelCmd
                0x08003578       0x18 Drivers\STM32F4xx_HAL_Driver\Src\stm32f4xx_hal_tim.o
                0x08003578                TIM_CCxChannelCmd
 .text.HAL_TIM_PWM_Start
                0x08003590       0x34 Drivers\STM32F4xx_HAL_Driver\Src\stm32f4xx_hal_tim.o
                0x08003590                HAL_TIM_PWM_Start
 .text.HAL_TIMEx_MasterConfigSynchronization
                0x080035c4       0x44 Drivers\STM32F4xx_HAL_Driver\Src\stm32f4xx_hal_tim_ex.o
                0x080035c4                HAL_TIMEx_MasterConfigSynchronization
 .text.HAL_TIMEx_ConfigBreakDeadTime
                0x08003608       0x4c Drivers\STM32F4xx_HAL_Driver\Src\stm32f4xx_hal_tim_ex.o
                0x08003608                HAL_TIMEx_ConfigBreakDeadTime
 .text.HAL_TIMEx_CommutationCallback
                0x08003654        0x2 Drivers\STM32F4xx_HAL_Driver\Src\stm32f4xx_hal_tim_ex.o
                0x08003654                HAL_TIMEx_CommutationCallback
 .text.HAL_TIMEx_BreakCallback
                0x08003656        0x2 Drivers\STM32F4xx_HAL_Driver\Src\stm32f4xx_hal_tim_ex.o
                0x08003656                HAL_TIMEx_BreakCallback
 .text.USART_EndRxTransfer
                0x08003658       0x1a Drivers\STM32F4xx_HAL_Driver\Src\stm32f4xx_hal_usart.o
 *fill*         0x08003672        0x2 
 .text.HAL_USART_Init
                0x08003674      0x130 Drivers\STM32F4xx_HAL_Driver\Src\stm32f4xx_hal_usart.o
                0x08003674                HAL_USART_Init
 .text.HAL_USART_TxCpltCallback
                0x080037a4        0x2 Drivers\STM32F4xx_HAL_Driver\Src\stm32f4xx_hal_usart.o
                0x080037a4                HAL_USART_TxCpltCallback
 .text.HAL_USART_RxCpltCallback
                0x080037a6        0x2 Drivers\STM32F4xx_HAL_Driver\Src\stm32f4xx_hal_usart.o
                0x080037a6                HAL_USART_RxCpltCallback
 .text.USART_Receive_IT
                0x080037a8       0x9c Drivers\STM32F4xx_HAL_Driver\Src\stm32f4xx_hal_usart.o
 .text.HAL_USART_TxRxCpltCallback
                0x08003844        0x2 Drivers\STM32F4xx_HAL_Driver\Src\stm32f4xx_hal_usart.o
                0x08003844                HAL_USART_TxRxCpltCallback
 .text.USART_TransmitReceive_IT
                0x08003846       0xda Drivers\STM32F4xx_HAL_Driver\Src\stm32f4xx_hal_usart.o
 .text.HAL_USART_ErrorCallback
                0x08003920        0x2 Drivers\STM32F4xx_HAL_Driver\Src\stm32f4xx_hal_usart.o
                0x08003920                HAL_USART_ErrorCallback
 *fill*         0x08003922        0x2 
 .text.HAL_USART_IRQHandler
                0x08003924      0x170 Drivers\STM32F4xx_HAL_Driver\Src\stm32f4xx_hal_usart.o
                0x08003924                HAL_USART_IRQHandler
 .text.USART_DMAAbortOnError
                0x08003a94       0x10 Drivers\STM32F4xx_HAL_Driver\Src\stm32f4xx_hal_usart.o
 .text.BGC_init
                0x08003aa4       0x20 Src\BGC.o
                0x08003aa4                BGC_init
 .text.BGC_CalRM_gimbal
                0x08003ac4      0x1ca Src\BGC.o
                0x08003ac4                BGC_CalRM_gimbal
 .text.BGC_GetQm
                0x08003c8e       0x22 Src\BGC.o
                0x08003c8e                BGC_GetQm
 .text.qua2rot  0x08003cb0      0x1e8 Src\BGC.o
                0x08003cb0                qua2rot
 .text.BGC_SetQref
                0x08003e98       0x40 Src\BGC.o
                0x08003e98                BGC_SetQref
 .text.BGC_Controller
                0x08003ed8       0xc8 Src\BGC.o
                0x08003ed8                BGC_Controller
 .text.pid_init
                0x08003fa0       0x30 Src\BLDC.o
                0x08003fa0                pid_init
 .text.invSqrt  0x08003fd0       0x3c Src\Filter.o
                0x08003fd0                invSqrt
 .text.MadgwickAHRSupdateIMU
                0x0800400c      0x760 Src\Filter.o
                0x0800400c                MadgwickAHRSupdateIMU
 .text.MPU9250_Madgwick
                0x0800476c      0x518 Src\MPU9250.o
                0x0800476c                MPU9250_Madgwick
 .text.i2cWrite
                0x08004c84       0x1a Src\MPU9250.o
                0x08004c84                i2cWrite
 .text.MPU9250_Reset
                0x08004c9e       0x22 Src\MPU9250.o
                0x08004c9e                MPU9250_Reset
 .text.i2cRead  0x08004cc0       0x1a Src\MPU9250.o
                0x08004cc0                i2cRead
 .text.MPU9250_readGyro
                0x08004cda       0x86 Src\MPU9250.o
                0x08004cda                MPU9250_readGyro
 .text.MPU9250_readAcc
                0x08004d60       0x86 Src\MPU9250.o
                0x08004d60                MPU9250_readAcc
 .text.MPU9250_readMag
                0x08004de6      0x116 Src\MPU9250.o
                0x08004de6                MPU9250_readMag
 .text.MPU9250_read
                0x08004efc       0x24 Src\MPU9250.o
                0x08004efc                MPU9250_read
 .text.Magnet_Calib
                0x08004f20      0x148 Src\MPU9250.o
                0x08004f20                Magnet_Calib
 .text.MPU9250_calib
                0x08005068      0x2f4 Src\MPU9250.o
                0x08005068                MPU9250_calib
 .text.MPU9250_Init8963
                0x0800535c       0xec Src\MPU9250.o
                0x0800535c                MPU9250_Init8963
 .text.MPU9250_SetParam
                0x08005448      0x17c Src\MPU9250.o
                0x08005448                MPU9250_SetParam
 .text.MPU9250_Init
                0x080055c4       0x70 Src\MPU9250.o
                0x080055c4                MPU9250_Init
 .text.MX_ADC2_Init
                0x08005634       0x64 Src\adc.o
                0x08005634                MX_ADC2_Init
 .text.HAL_ADC_MspInit
                0x08005698       0x7c Src\adc.o
                0x08005698                HAL_ADC_MspInit
 *fill*         0x08005714        0x4 
 .text.bgc_tsin
                0x08005718      0x154 Src\bgc_math.o
                0x08005718                bgc_tsin
 .text.bgc_fsin
                0x0800586c       0x64 Src\bgc_math.o
                0x0800586c                bgc_fsin
 .text.bgc_fcos
                0x080058d0       0x60 Src\bgc_math.o
                0x080058d0                bgc_fcos
 .text.MX_DMA_Init
                0x08005930       0x64 Src\dma.o
                0x08005930                MX_DMA_Init
 .text.MX_GPIO_Init
                0x08005994      0x134 Src\gpio.o
                0x08005994                MX_GPIO_Init
 .text.MX_I2C1_Init
                0x08005ac8       0x48 Src\i2c.o
                0x08005ac8                MX_I2C1_Init
 .text.MX_I2C2_Init
                0x08005b10       0x48 Src\i2c.o
                0x08005b10                MX_I2C2_Init
 .text.HAL_I2C_MspInit
                0x08005b58      0x1d0 Src\i2c.o
                0x08005b58                HAL_I2C_MspInit
 .text.HAL_TIM_PeriodElapsedCallback
                0x08005d28       0x5c Src\main.o
                0x08005d28                HAL_TIM_PeriodElapsedCallback
 .text.SystemClock_Config
                0x08005d84       0xa8 Src\main.o
                0x08005d84                SystemClock_Config
 .text.startup.main
                0x08005e2c      0x114 Src\main.o
                0x08005e2c                main
 .text._Error_Handler
                0x08005f40        0x2 Src\main.o
                0x08005f40                _Error_Handler
 *fill*         0x08005f42        0x2 
 .text.HAL_MspInit
                0x08005f44       0x90 Src\stm32f4xx_hal_msp.o
                0x08005f44                HAL_MspInit
 .text.NMI_Handler
                0x08005fd4        0x2 Src\stm32f4xx_it.o
                0x08005fd4                NMI_Handler
 .text.HardFault_Handler
                0x08005fd6        0x2 Src\stm32f4xx_it.o
                0x08005fd6                HardFault_Handler
 .text.MemManage_Handler
                0x08005fd8        0x2 Src\stm32f4xx_it.o
                0x08005fd8                MemManage_Handler
 .text.BusFault_Handler
                0x08005fda        0x2 Src\stm32f4xx_it.o
                0x08005fda                BusFault_Handler
 .text.UsageFault_Handler
                0x08005fdc        0x2 Src\stm32f4xx_it.o
                0x08005fdc                UsageFault_Handler
 .text.SVC_Handler
                0x08005fde        0x2 Src\stm32f4xx_it.o
                0x08005fde                SVC_Handler
 .text.DebugMon_Handler
                0x08005fe0        0x2 Src\stm32f4xx_it.o
                0x08005fe0                DebugMon_Handler
 .text.PendSV_Handler
                0x08005fe2        0x2 Src\stm32f4xx_it.o
                0x08005fe2                PendSV_Handler
 .text.SysTick_Handler
                0x08005fe4        0xe Src\stm32f4xx_it.o
                0x08005fe4                SysTick_Handler
 *fill*         0x08005ff2        0x2 
 .text.DMA1_Stream0_IRQHandler
                0x08005ff4        0xc Src\stm32f4xx_it.o
                0x08005ff4                DMA1_Stream0_IRQHandler
 .text.DMA1_Stream2_IRQHandler
                0x08006000        0xc Src\stm32f4xx_it.o
                0x08006000                DMA1_Stream2_IRQHandler
 .text.DMA1_Stream6_IRQHandler
                0x0800600c        0xc Src\stm32f4xx_it.o
                0x0800600c                DMA1_Stream6_IRQHandler
 .text.ADC_IRQHandler
                0x08006018       0x1c Src\stm32f4xx_it.o
                0x08006018                ADC_IRQHandler
 .text.TIM1_UP_TIM10_IRQHandler
                0x08006034       0x1c Src\stm32f4xx_it.o
                0x08006034                TIM1_UP_TIM10_IRQHandler
 .text.I2C1_EV_IRQHandler
                0x08006050        0xc Src\stm32f4xx_it.o
                0x08006050                I2C1_EV_IRQHandler
 .text.I2C1_ER_IRQHandler
                0x0800605c        0xc Src\stm32f4xx_it.o
                0x0800605c                I2C1_ER_IRQHandler
 .text.I2C2_EV_IRQHandler
                0x08006068        0xc Src\stm32f4xx_it.o
                0x08006068                I2C2_EV_IRQHandler
 .text.I2C2_ER_IRQHandler
                0x08006074        0xc Src\stm32f4xx_it.o
                0x08006074                I2C2_ER_IRQHandler
 .text.USART3_IRQHandler
                0x08006080        0xc Src\stm32f4xx_it.o
                0x08006080                USART3_IRQHandler
 .text.DMA1_Stream7_IRQHandler
                0x0800608c        0xc Src\stm32f4xx_it.o
                0x0800608c                DMA1_Stream7_IRQHandler
 .text.SystemInit
                0x08006098       0x4c Src\system_stm32f4xx.o
                0x08006098                SystemInit
 .text.MX_TIM2_Init
                0x080060e4       0x64 Src\tim.o
                0x080060e4                MX_TIM2_Init
 .text.MX_TIM10_Init
                0x08006148       0x3c Src\tim.o
                0x08006148                MX_TIM10_Init
 .text.HAL_TIM_Encoder_MspInit
                0x08006184       0x48 Src\tim.o
                0x08006184                HAL_TIM_Encoder_MspInit
 .text.HAL_TIM_Base_MspInit
                0x080061cc       0xac Src\tim.o
                0x080061cc                HAL_TIM_Base_MspInit
 .text.HAL_TIM_MspPostInit
                0x08006278       0x9c Src\tim.o
                0x08006278                HAL_TIM_MspPostInit
 .text.MX_TIM1_Init
                0x08006314       0xf8 Src\tim.o
                0x08006314                MX_TIM1_Init
 .text.MX_TIM3_Init
                0x0800640c       0xc8 Src\tim.o
                0x0800640c                MX_TIM3_Init
 .text.MX_TIM4_Init
                0x080064d4       0xd0 Src\tim.o
                0x080064d4                MX_TIM4_Init
 .text.MX_USART3_Init
                0x080065a4       0x40 Src\usart.o
                0x080065a4                MX_USART3_Init
 .text.HAL_USART_MspInit
                0x080065e4       0x78 Src\usart.o
                0x080065e4                HAL_USART_MspInit
 .text.Reset_Handler
                0x0800665c       0x50 startup\startup_stm32f407xx.o
                0x0800665c                Reset_Handler
 .text.Default_Handler
                0x080066ac        0x2 startup\startup_stm32f407xx.o
                0x080066ac                RTC_Alarm_IRQHandler
                0x080066ac                HASH_RNG_IRQHandler
                0x080066ac                EXTI2_IRQHandler
                0x080066ac                TIM8_CC_IRQHandler
                0x080066ac                TIM1_CC_IRQHandler
                0x080066ac                DMA2_Stream5_IRQHandler
                0x080066ac                DMA1_Stream5_IRQHandler
                0x080066ac                PVD_IRQHandler
                0x080066ac                SDIO_IRQHandler
                0x080066ac                TAMP_STAMP_IRQHandler
                0x080066ac                CAN2_RX1_IRQHandler
                0x080066ac                EXTI3_IRQHandler
                0x080066ac                TIM8_TRG_COM_TIM14_IRQHandler
                0x080066ac                TIM8_UP_TIM13_IRQHandler
                0x080066ac                I2C3_ER_IRQHandler
                0x080066ac                EXTI0_IRQHandler
                0x080066ac                CAN1_RX0_IRQHandler
                0x080066ac                FPU_IRQHandler
                0x080066ac                OTG_HS_WKUP_IRQHandler
                0x080066ac                CAN2_SCE_IRQHandler
                0x080066ac                DMA2_Stream2_IRQHandler
                0x080066ac                SPI1_IRQHandler
                0x080066ac                TIM6_DAC_IRQHandler
                0x080066ac                TIM1_BRK_TIM9_IRQHandler
                0x080066ac                DCMI_IRQHandler
                0x080066ac                CAN2_RX0_IRQHandler
                0x080066ac                DMA2_Stream3_IRQHandler
                0x080066ac                USART6_IRQHandler
                0x080066ac                CAN1_RX1_IRQHandler
                0x080066ac                UART5_IRQHandler
                0x080066ac                DMA2_Stream0_IRQHandler
                0x080066ac                TIM4_IRQHandler
                0x080066ac                DMA1_Stream1_IRQHandler
                0x080066ac                UART4_IRQHandler
                0x080066ac                TIM3_IRQHandler
                0x080066ac                RCC_IRQHandler
                0x080066ac                TIM8_BRK_TIM12_IRQHandler
                0x080066ac                Default_Handler
                0x080066ac                EXTI15_10_IRQHandler
                0x080066ac                TIM7_IRQHandler
                0x080066ac                CAN2_TX_IRQHandler
                0x080066ac                TIM5_IRQHandler
                0x080066ac                DMA2_Stream7_IRQHandler
                0x080066ac                I2C3_EV_IRQHandler
                0x080066ac                EXTI9_5_IRQHandler
                0x080066ac                RTC_WKUP_IRQHandler
                0x080066ac                ETH_WKUP_IRQHandler
                0x080066ac                SPI2_IRQHandler
                0x080066ac                OTG_HS_EP1_IN_IRQHandler
                0x080066ac                CAN1_TX_IRQHandler
                0x080066ac                EXTI4_IRQHandler
                0x080066ac                FSMC_IRQHandler
                0x080066ac                ETH_IRQHandler
                0x080066ac                OTG_HS_EP1_OUT_IRQHandler
                0x080066ac                WWDG_IRQHandler
                0x080066ac                TIM2_IRQHandler
                0x080066ac                OTG_FS_WKUP_IRQHandler
                0x080066ac                TIM1_TRG_COM_TIM11_IRQHandler
                0x080066ac                OTG_HS_IRQHandler
                0x080066ac                EXTI1_IRQHandler
                0x080066ac                USART2_IRQHandler
                0x080066ac                DMA2_Stream1_IRQHandler
                0x080066ac                CAN1_SCE_IRQHandler
                0x080066ac                FLASH_IRQHandler
                0x080066ac                DMA2_Stream4_IRQHandler
                0x080066ac                USART1_IRQHandler
                0x080066ac                OTG_FS_IRQHandler
                0x080066ac                SPI3_IRQHandler
                0x080066ac                DMA1_Stream4_IRQHandler
                0x080066ac                DMA2_Stream6_IRQHandler
                0x080066ac                DMA1_Stream3_IRQHandler
 *fill*         0x080066ae        0x2 
 .text.__libc_init_array
                0x080066b0       0x48 c:/program files (x86)/atollic/truestudio for stm32 9.1.0/armtools/bin/../lib/gcc/arm-atollic-eabi/6.3.1/../../../../arm-atollic-eabi/lib/armv7e-m/fpu\libc_nano.a(lib_a-init.o)
                0x080066b0                __libc_init_array
 .text.asin     0x080066f8       0xb0 c:/program files (x86)/atollic/truestudio for stm32 9.1.0/armtools/bin/../lib/gcc/arm-atollic-eabi/6.3.1/../../../../arm-atollic-eabi/lib/armv7e-m/fpu\libm.a(lib_a-w_asin.o)
                0x080066f8                asin
 .text.atan2    0x080067a8        0x4 c:/program files (x86)/atollic/truestudio for stm32 9.1.0/armtools/bin/../lib/gcc/arm-atollic-eabi/6.3.1/../../../../arm-atollic-eabi/lib/armv7e-m/fpu\libm.a(lib_a-w_atan2.o)
                0x080067a8                atan2
 .text.sqrt     0x080067ac       0xb4 c:/program files (x86)/atollic/truestudio for stm32 9.1.0/armtools/bin/../lib/gcc/arm-atollic-eabi/6.3.1/../../../../arm-atollic-eabi/lib/armv7e-m/fpu\libm.a(lib_a-w_sqrt.o)
                0x080067ac                sqrt
 .text.__ieee754_asin
                0x08006860      0x418 c:/program files (x86)/atollic/truestudio for stm32 9.1.0/armtools/bin/../lib/gcc/arm-atollic-eabi/6.3.1/../../../../arm-atollic-eabi/lib/armv7e-m/fpu\libm.a(lib_a-e_asin.o)
                0x08006860                __ieee754_asin
 .text.__ieee754_atan2
                0x08006c78      0x1b4 c:/program files (x86)/atollic/truestudio for stm32 9.1.0/armtools/bin/../lib/gcc/arm-atollic-eabi/6.3.1/../../../../arm-atollic-eabi/lib/armv7e-m/fpu\libm.a(lib_a-e_atan2.o)
                0x08006c78                __ieee754_atan2
 .text.__ieee754_sqrt
                0x08006e2c      0x160 c:/program files (x86)/atollic/truestudio for stm32 9.1.0/armtools/bin/../lib/gcc/arm-atollic-eabi/6.3.1/../../../../arm-atollic-eabi/lib/armv7e-m/fpu\libm.a(lib_a-e_sqrt.o)
                0x08006e2c                __ieee754_sqrt
 *fill*         0x08006f8c        0x4 
 .text.atan     0x08006f90      0x350 c:/program files (x86)/atollic/truestudio for stm32 9.1.0/armtools/bin/../lib/gcc/arm-atollic-eabi/6.3.1/../../../../arm-atollic-eabi/lib/armv7e-m/fpu\libm.a(lib_a-s_atan.o)
                0x08006f90                atan
 .text.fabs     0x080072e0        0xe c:/program files (x86)/atollic/truestudio for stm32 9.1.0/armtools/bin/../lib/gcc/arm-atollic-eabi/6.3.1/../../../../arm-atollic-eabi/lib/armv7e-m/fpu\libm.a(lib_a-s_fabs.o)
                0x080072e0                fabs
 .text.matherr  0x080072ee        0x4 c:/program files (x86)/atollic/truestudio for stm32 9.1.0/armtools/bin/../lib/gcc/arm-atollic-eabi/6.3.1/../../../../arm-atollic-eabi/lib/armv7e-m/fpu\libm.a(lib_a-s_matherr.o)
                0x080072ee                matherr
 *fill*         0x080072f2        0x6 
 .text.nan      0x080072f8       0x10 c:/program files (x86)/atollic/truestudio for stm32 9.1.0/armtools/bin/../lib/gcc/arm-atollic-eabi/6.3.1/../../../../arm-atollic-eabi/lib/armv7e-m/fpu\libm.a(lib_a-s_nan.o)
                0x080072f8                nan
 .text.__errno  0x08007308        0xc c:/program files (x86)/atollic/truestudio for stm32 9.1.0/armtools/bin/../lib/gcc/arm-atollic-eabi/6.3.1/../../../../arm-atollic-eabi/lib/armv7e-m/fpu\libc_nano.a(lib_a-errno.o)
                0x08007308                __errno
 *(.glue_7)
 .glue_7        0x08007314        0x0 linker stubs
 *(.glue_7t)
 .glue_7t       0x08007314        0x0 linker stubs
 *(.eh_frame)
 .eh_frame      0x08007314        0x0 c:/program files (x86)/atollic/truestudio for stm32 9.1.0/armtools/bin/../lib/gcc/arm-atollic-eabi/6.3.1/armv7e-m/fpu/crtbegin.o
 *(.init)
 .init          0x08007314        0x4 c:/program files (x86)/atollic/truestudio for stm32 9.1.0/armtools/bin/../lib/gcc/arm-atollic-eabi/6.3.1/armv7e-m/fpu/crti.o
                0x08007314                _init
 .init          0x08007318        0x8 c:/program files (x86)/atollic/truestudio for stm32 9.1.0/armtools/bin/../lib/gcc/arm-atollic-eabi/6.3.1/armv7e-m/fpu/crtn.o
 *(.fini)
 .fini          0x08007320        0x4 c:/program files (x86)/atollic/truestudio for stm32 9.1.0/armtools/bin/../lib/gcc/arm-atollic-eabi/6.3.1/armv7e-m/fpu/crti.o
                0x08007320                _fini
 .fini          0x08007324        0x8 c:/program files (x86)/atollic/truestudio for stm32 9.1.0/armtools/bin/../lib/gcc/arm-atollic-eabi/6.3.1/armv7e-m/fpu/crtn.o
                0x0800732c                . = ALIGN (0x4)
                0x0800732c                _etext = .

.vfp11_veneer   0x0800732c        0x0
 .vfp11_veneer  0x0800732c        0x0 linker stubs

.v4_bx          0x0800732c        0x0
 .v4_bx         0x0800732c        0x0 linker stubs

.iplt           0x0800732c        0x0
 .iplt          0x0800732c        0x0 c:/program files (x86)/atollic/truestudio for stm32 9.1.0/armtools/bin/../lib/gcc/arm-atollic-eabi/6.3.1/armv7e-m/fpu/crtbegin.o

.rodata         0x08007330       0xa0
                0x08007330                . = ALIGN (0x4)
 *(.rodata)
 *(.rodata*)
 .rodata.flagBitshiftOffset.9170
                0x08007330        0x8 Drivers\STM32F4xx_HAL_Driver\Src\stm32f4xx_hal_dma.o
 .rodata.MX_ADC1_Init.str1.1
                0x08007338        0xd Src\adc.o
 .rodata.MX_I2C1_Init.str1.1
                0x08007345        0xd Src\i2c.o
 .rodata.AHBPrescTable
                0x08007352       0x10 Src\system_stm32f4xx.o
                0x08007352                AHBPrescTable
 .rodata.APBPrescTable
                0x08007362        0x8 Src\system_stm32f4xx.o
                0x08007362                APBPrescTable
 .rodata.MX_TIM2_Init.str1.1
                0x0800736a        0xd Src\tim.o
 .rodata.MX_USART3_Init.str1.1
                0x08007377        0xf Src\usart.o
 .rodata.asin.str1.1
                0x08007386        0x5 c:/program files (x86)/atollic/truestudio for stm32 9.1.0/armtools/bin/../lib/gcc/arm-atollic-eabi/6.3.1/../../../../arm-atollic-eabi/lib/armv7e-m/fpu\libm.a(lib_a-w_asin.o)
                                  0x6 (size before relaxing)
 .rodata.sqrt.str1.1
                0x0800738b        0x5 c:/program files (x86)/atollic/truestudio for stm32 9.1.0/armtools/bin/../lib/gcc/arm-atollic-eabi/6.3.1/../../../../arm-atollic-eabi/lib/armv7e-m/fpu\libm.a(lib_a-w_sqrt.o)
 .rodata.atanhi
                0x08007390       0x20 c:/program files (x86)/atollic/truestudio for stm32 9.1.0/armtools/bin/../lib/gcc/arm-atollic-eabi/6.3.1/../../../../arm-atollic-eabi/lib/armv7e-m/fpu\libm.a(lib_a-s_atan.o)
 .rodata.atanlo
                0x080073b0       0x20 c:/program files (x86)/atollic/truestudio for stm32 9.1.0/armtools/bin/../lib/gcc/arm-atollic-eabi/6.3.1/../../../../arm-atollic-eabi/lib/armv7e-m/fpu\libm.a(lib_a-s_atan.o)
                0x080073d0                . = ALIGN (0x4)

.ARM.extab
 *(.ARM.extab* .gnu.linkonce.armextab.*)

.ARM            0x080073d0        0x8
                0x080073d0                __exidx_start = .
 *(.ARM.exidx*)
 .ARM.exidx     0x080073d0        0x8 c:/program files (x86)/atollic/truestudio for stm32 9.1.0/armtools/bin/../lib/gcc/arm-atollic-eabi/6.3.1/armv7e-m/fpu\libgcc.a(_udivmoddi4.o)
                0x080073d8                __exidx_end = .

.rel.dyn        0x080073d8        0x0
 .rel.iplt      0x080073d8        0x0 c:/program files (x86)/atollic/truestudio for stm32 9.1.0/armtools/bin/../lib/gcc/arm-atollic-eabi/6.3.1/armv7e-m/fpu/crtbegin.o

.preinit_array  0x080073d8        0x0
                0x080073d8                PROVIDE (__preinit_array_start, .)
 *(.preinit_array*)
                0x080073d8                PROVIDE (__preinit_array_end, .)

.init_array     0x080073d8        0x4
                0x080073d8                PROVIDE (__init_array_start, .)
 *(SORT(.init_array.*))
 *(.init_array*)
 .init_array    0x080073d8        0x4 c:/program files (x86)/atollic/truestudio for stm32 9.1.0/armtools/bin/../lib/gcc/arm-atollic-eabi/6.3.1/armv7e-m/fpu/crtbegin.o
                0x080073dc                PROVIDE (__init_array_end, .)

.fini_array     0x080073dc        0x4
                [!provide]                PROVIDE (__fini_array_start, .)
 *(SORT(.fini_array.*))
 *(.fini_array*)
 .fini_array    0x080073dc        0x4 c:/program files (x86)/atollic/truestudio for stm32 9.1.0/armtools/bin/../lib/gcc/arm-atollic-eabi/6.3.1/armv7e-m/fpu/crtbegin.o
                [!provide]                PROVIDE (__fini_array_end, .)
                0x080073e0                _sidata = LOADADDR (.data)

.data           0x20000000       0x84 load address 0x080073e0
                0x20000000                . = ALIGN (0x4)
                0x20000000                _sdata = .
 *(.data)
 *(.data*)
 .data.uwTickFreq
                0x20000000        0x1 Drivers\STM32F4xx_HAL_Driver\Src\stm32f4xx_hal.o
                0x20000000                uwTickFreq
 *fill*         0x20000001        0x3 
 .data.uwTickPrio
                0x20000004        0x4 Drivers\STM32F4xx_HAL_Driver\Src\stm32f4xx_hal.o
                0x20000004                uwTickPrio
 .data.beta     0x20000008        0x4 Src\Filter.o
                0x20000008                beta
 *fill*         0x2000000c        0x4 
 .data.q0       0x20000010        0x8 Src\Filter.o
                0x20000010                q0
 .data.SystemCoreClock
                0x20000018        0x4 Src\system_stm32f4xx.o
                0x20000018                SystemCoreClock
 .data.__fdlib_version
                0x2000001c        0x1 c:/program files (x86)/atollic/truestudio for stm32 9.1.0/armtools/bin/../lib/gcc/arm-atollic-eabi/6.3.1/../../../../arm-atollic-eabi/lib/armv7e-m/fpu\libm.a(lib_a-s_lib_ver.o)
                0x2000001c                __fdlib_version
 *fill*         0x2000001d        0x3 
 .data._impure_ptr
                0x20000020        0x4 c:/program files (x86)/atollic/truestudio for stm32 9.1.0/armtools/bin/../lib/gcc/arm-atollic-eabi/6.3.1/../../../../arm-atollic-eabi/lib/armv7e-m/fpu\libc_nano.a(lib_a-impure.o)
                0x20000020                _impure_ptr
 .data.impure_data
                0x20000024       0x60 c:/program files (x86)/atollic/truestudio for stm32 9.1.0/armtools/bin/../lib/gcc/arm-atollic-eabi/6.3.1/../../../../arm-atollic-eabi/lib/armv7e-m/fpu\libc_nano.a(lib_a-impure.o)
                0x20000084                . = ALIGN (0x4)
                0x20000084                _edata = .
                0x08007464                _siccmram = LOADADDR (.ccmram)

.igot.plt       0x20000084        0x0 load address 0x08007464
 .igot.plt      0x20000084        0x0 c:/program files (x86)/atollic/truestudio for stm32 9.1.0/armtools/bin/../lib/gcc/arm-atollic-eabi/6.3.1/armv7e-m/fpu/crtbegin.o

.ccmram         0x10000000        0x0 load address 0x08007464
                0x10000000                . = ALIGN (0x4)
                0x10000000                _sccmram = .
 *(.ccmram)
 *(.ccmram*)
                0x10000000                . = ALIGN (0x4)
                0x10000000                _eccmram = .
                0x10000000                . = ALIGN (0x4)

.bss            0x20000088      0x6b0
                0x20000088                _sbss = .
                0x20000088                __bss_start__ = _sbss
 *(.bss)
 .bss           0x20000088       0x1c c:/program files (x86)/atollic/truestudio for stm32 9.1.0/armtools/bin/../lib/gcc/arm-atollic-eabi/6.3.1/armv7e-m/fpu/crtbegin.o
 *(.bss*)
 *fill*         0x200000a4        0x4 
 .bss.q1        0x200000a8        0x8 Src\Filter.o
                0x200000a8                q1
 .bss.q2        0x200000b0        0x8 Src\Filter.o
                0x200000b0                q2
 .bss.q3        0x200000b8        0x8 Src\Filter.o
                0x200000b8                q3
 *(COMMON)
 COMMON         0x200000c0        0x4 Drivers\STM32F4xx_HAL_Driver\Src\stm32f4xx_hal.o
                0x200000c0                uwTick
 COMMON         0x200000c4        0x4 Src\MPU9250.o
                0x200000c4                avg_rad
 COMMON         0x200000c8       0x90 Src\adc.o
                0x200000c8                hadc2
                0x20000110                hadc1
 COMMON         0x20000158      0x228 Src\i2c.o
                0x20000158                hdma_i2c1_tx
                0x200001b8                hi2c1
                0x2000020c                hi2c2
                0x20000260                hdma_i2c2_rx
                0x200002c0                hdma_i2c2_tx
                0x20000320                hdma_i2c1_rx
 COMMON         0x20000380      0x248 Src\main.o
                0x20000380                out2
                0x20000388                Ki
                0x20000390                Rbgc3
                0x200003b8                out
                0x200003c0                mpu2
                0x20000470                dutyc
                0x20000478                dutyb
                0x20000480                bgc1
                0x20000528                err
                0x20000530                dutya
                0x20000538                count
                0x20000540                phi_ref
                0x20000548                Rbgc1
                0x2000056c                Rbgc2
                0x20000590                Kp
                0x20000598                pid1
                0x200005c0                out1
 COMMON         0x200005c8      0x12c Src\tim.o
                0x200005c8                htim4
                0x20000604                htim10
                0x20000640                htim3
                0x2000067c                htim1
                0x200006b8                htim2
 COMMON         0x200006f4       0x44 Src\usart.o
                0x200006f4                husart3
                0x20000738                . = ALIGN (0x4)
                0x20000738                _ebss = .
                0x20000738                __bss_end__ = _ebss

._user_heap_stack
                0x20000738      0x600
                0x20000738                . = ALIGN (0x4)
                [!provide]                PROVIDE (end, .)
                [!provide]                PROVIDE (_end, .)
                0x20000938                . = (. + _Min_Heap_Size)
 *fill*         0x20000738      0x200 
                0x20000d38                . = (. + _Min_Stack_Size)
 *fill*         0x20000938      0x400 
                0x20000d38                . = ALIGN (0x4)

/DISCARD/
 libc.a(*)
 libm.a(*)
 libgcc.a(*)

.ARM.attributes
                0x00000000       0x30
 *(.ARM.attributes)
 .ARM.attributes
                0x00000000       0x22 c:/program files (x86)/atollic/truestudio for stm32 9.1.0/armtools/bin/../lib/gcc/arm-atollic-eabi/6.3.1/armv7e-m/fpu/crti.o
 .ARM.attributes
                0x00000022       0x34 c:/program files (x86)/atollic/truestudio for stm32 9.1.0/armtools/bin/../lib/gcc/arm-atollic-eabi/6.3.1/armv7e-m/fpu/crtbegin.o
 .ARM.attributes
                0x00000056       0x39 Drivers\STM32F4xx_HAL_Driver\Src\stm32f4xx_hal.o
 .ARM.attributes
                0x0000008f       0x39 Drivers\STM32F4xx_HAL_Driver\Src\stm32f4xx_hal_adc.o
 .ARM.attributes
                0x000000c8       0x39 Drivers\STM32F4xx_HAL_Driver\Src\stm32f4xx_hal_adc_ex.o
 .ARM.attributes
                0x00000101       0x39 Drivers\STM32F4xx_HAL_Driver\Src\stm32f4xx_hal_cortex.o
 .ARM.attributes
                0x0000013a       0x39 Drivers\STM32F4xx_HAL_Driver\Src\stm32f4xx_hal_dma.o
 .ARM.attributes
                0x00000173       0x39 Drivers\STM32F4xx_HAL_Driver\Src\stm32f4xx_hal_gpio.o
 .ARM.attributes
                0x000001ac       0x39 Drivers\STM32F4xx_HAL_Driver\Src\stm32f4xx_hal_i2c.o
 .ARM.attributes
                0x000001e5       0x39 Drivers\STM32F4xx_HAL_Driver\Src\stm32f4xx_hal_rcc.o
 .ARM.attributes
                0x0000021e       0x39 Drivers\STM32F4xx_HAL_Driver\Src\stm32f4xx_hal_tim.o
 .ARM.attributes
                0x00000257       0x39 Drivers\STM32F4xx_HAL_Driver\Src\stm32f4xx_hal_tim_ex.o
 .ARM.attributes
                0x00000290       0x39 Drivers\STM32F4xx_HAL_Driver\Src\stm32f4xx_hal_usart.o
 .ARM.attributes
                0x000002c9       0x39 Src\BGC.o
 .ARM.attributes
                0x00000302       0x39 Src\BLDC.o
 .ARM.attributes
                0x0000033b       0x39 Src\Filter.o
 .ARM.attributes
                0x00000374       0x39 Src\MPU9250.o
 .ARM.attributes
                0x000003ad       0x39 Src\adc.o
 .ARM.attributes
                0x000003e6       0x39 Src\bgc_math.o
 .ARM.attributes
                0x0000041f       0x39 Src\dma.o
 .ARM.attributes
                0x00000458       0x39 Src\gpio.o
 .ARM.attributes
                0x00000491       0x39 Src\i2c.o
 .ARM.attributes
                0x000004ca       0x39 Src\main.o
 .ARM.attributes
                0x00000503       0x39 Src\stm32f4xx_hal_msp.o
 .ARM.attributes
                0x0000053c       0x39 Src\stm32f4xx_it.o
 .ARM.attributes
                0x00000575       0x39 Src\system_stm32f4xx.o
 .ARM.attributes
                0x000005ae       0x39 Src\tim.o
 .ARM.attributes
                0x000005e7       0x39 Src\usart.o
 .ARM.attributes
                0x00000620       0x21 startup\startup_stm32f407xx.o
 .ARM.attributes
                0x00000641       0x34 c:/program files (x86)/atollic/truestudio for stm32 9.1.0/armtools/bin/../lib/gcc/arm-atollic-eabi/6.3.1/../../../../arm-atollic-eabi/lib/armv7e-m/fpu\libc_nano.a(lib_a-init.o)
 .ARM.attributes
                0x00000675       0x34 c:/program files (x86)/atollic/truestudio for stm32 9.1.0/armtools/bin/../lib/gcc/arm-atollic-eabi/6.3.1/../../../../arm-atollic-eabi/lib/armv7e-m/fpu\libm.a(lib_a-w_asin.o)
 .ARM.attributes
                0x000006a9       0x34 c:/program files (x86)/atollic/truestudio for stm32 9.1.0/armtools/bin/../lib/gcc/arm-atollic-eabi/6.3.1/../../../../arm-atollic-eabi/lib/armv7e-m/fpu\libm.a(lib_a-w_atan2.o)
 .ARM.attributes
                0x000006dd       0x34 c:/program files (x86)/atollic/truestudio for stm32 9.1.0/armtools/bin/../lib/gcc/arm-atollic-eabi/6.3.1/../../../../arm-atollic-eabi/lib/armv7e-m/fpu\libm.a(lib_a-w_sqrt.o)
 .ARM.attributes
                0x00000711       0x34 c:/program files (x86)/atollic/truestudio for stm32 9.1.0/armtools/bin/../lib/gcc/arm-atollic-eabi/6.3.1/../../../../arm-atollic-eabi/lib/armv7e-m/fpu\libm.a(lib_a-e_asin.o)
 .ARM.attributes
                0x00000745       0x34 c:/program files (x86)/atollic/truestudio for stm32 9.1.0/armtools/bin/../lib/gcc/arm-atollic-eabi/6.3.1/../../../../arm-atollic-eabi/lib/armv7e-m/fpu\libm.a(lib_a-e_atan2.o)
 .ARM.attributes
                0x00000779       0x34 c:/program files (x86)/atollic/truestudio for stm32 9.1.0/armtools/bin/../lib/gcc/arm-atollic-eabi/6.3.1/../../../../arm-atollic-eabi/lib/armv7e-m/fpu\libm.a(lib_a-e_sqrt.o)
 .ARM.attributes
                0x000007ad       0x34 c:/program files (x86)/atollic/truestudio for stm32 9.1.0/armtools/bin/../lib/gcc/arm-atollic-eabi/6.3.1/../../../../arm-atollic-eabi/lib/armv7e-m/fpu\libm.a(lib_a-s_atan.o)
 .ARM.attributes
                0x000007e1       0x34 c:/program files (x86)/atollic/truestudio for stm32 9.1.0/armtools/bin/../lib/gcc/arm-atollic-eabi/6.3.1/../../../../arm-atollic-eabi/lib/armv7e-m/fpu\libm.a(lib_a-s_fabs.o)
 .ARM.attributes
                0x00000815       0x34 c:/program files (x86)/atollic/truestudio for stm32 9.1.0/armtools/bin/../lib/gcc/arm-atollic-eabi/6.3.1/../../../../arm-atollic-eabi/lib/armv7e-m/fpu\libm.a(lib_a-s_lib_ver.o)
 .ARM.attributes
                0x00000849       0x34 c:/program files (x86)/atollic/truestudio for stm32 9.1.0/armtools/bin/../lib/gcc/arm-atollic-eabi/6.3.1/../../../../arm-atollic-eabi/lib/armv7e-m/fpu\libm.a(lib_a-s_matherr.o)
 .ARM.attributes
                0x0000087d       0x34 c:/program files (x86)/atollic/truestudio for stm32 9.1.0/armtools/bin/../lib/gcc/arm-atollic-eabi/6.3.1/../../../../arm-atollic-eabi/lib/armv7e-m/fpu\libm.a(lib_a-s_nan.o)
 .ARM.attributes
                0x000008b1       0x34 c:/program files (x86)/atollic/truestudio for stm32 9.1.0/armtools/bin/../lib/gcc/arm-atollic-eabi/6.3.1/../../../../arm-atollic-eabi/lib/armv7e-m/fpu\libc_nano.a(lib_a-errno.o)
 .ARM.attributes
                0x000008e5       0x34 c:/program files (x86)/atollic/truestudio for stm32 9.1.0/armtools/bin/../lib/gcc/arm-atollic-eabi/6.3.1/../../../../arm-atollic-eabi/lib/armv7e-m/fpu\libc_nano.a(lib_a-impure.o)
 .ARM.attributes
                0x00000919       0x22 c:/program files (x86)/atollic/truestudio for stm32 9.1.0/armtools/bin/../lib/gcc/arm-atollic-eabi/6.3.1/armv7e-m/fpu\libgcc.a(_arm_addsubdf3.o)
 .ARM.attributes
                0x0000093b       0x22 c:/program files (x86)/atollic/truestudio for stm32 9.1.0/armtools/bin/../lib/gcc/arm-atollic-eabi/6.3.1/armv7e-m/fpu\libgcc.a(_arm_muldivdf3.o)
 .ARM.attributes
                0x0000095d       0x22 c:/program files (x86)/atollic/truestudio for stm32 9.1.0/armtools/bin/../lib/gcc/arm-atollic-eabi/6.3.1/armv7e-m/fpu\libgcc.a(_arm_cmpdf2.o)
 .ARM.attributes
                0x0000097f       0x22 c:/program files (x86)/atollic/truestudio for stm32 9.1.0/armtools/bin/../lib/gcc/arm-atollic-eabi/6.3.1/armv7e-m/fpu\libgcc.a(_arm_unorddf2.o)
 .ARM.attributes
                0x000009a1       0x22 c:/program files (x86)/atollic/truestudio for stm32 9.1.0/armtools/bin/../lib/gcc/arm-atollic-eabi/6.3.1/armv7e-m/fpu\libgcc.a(_arm_truncdfsf2.o)
 .ARM.attributes
                0x000009c3       0x22 c:/program files (x86)/atollic/truestudio for stm32 9.1.0/armtools/bin/../lib/gcc/arm-atollic-eabi/6.3.1/armv7e-m/fpu\libgcc.a(_aeabi_uldivmod.o)
 .ARM.attributes
                0x000009e5       0x34 c:/program files (x86)/atollic/truestudio for stm32 9.1.0/armtools/bin/../lib/gcc/arm-atollic-eabi/6.3.1/armv7e-m/fpu\libgcc.a(_udivmoddi4.o)
 .ARM.attributes
                0x00000a19       0x22 c:/program files (x86)/atollic/truestudio for stm32 9.1.0/armtools/bin/../lib/gcc/arm-atollic-eabi/6.3.1/armv7e-m/fpu\libgcc.a(_dvmd_tls.o)
 .ARM.attributes
                0x00000a3b       0x22 c:/program files (x86)/atollic/truestudio for stm32 9.1.0/armtools/bin/../lib/gcc/arm-atollic-eabi/6.3.1/armv7e-m/fpu/crtn.o
OUTPUT(final.elf elf32-littlearm)

.debug_info     0x00000000    0x28236
 .debug_info    0x00000000     0x11ec Drivers\STM32F4xx_HAL_Driver\Src\stm32f4xx_hal.o
 .debug_info    0x000011ec     0x15ad Drivers\STM32F4xx_HAL_Driver\Src\stm32f4xx_hal_adc.o
 .debug_info    0x00002799     0x13dd Drivers\STM32F4xx_HAL_Driver\Src\stm32f4xx_hal_adc_ex.o
 .debug_info    0x00003b76     0x1744 Drivers\STM32F4xx_HAL_Driver\Src\stm32f4xx_hal_cortex.o
 .debug_info    0x000052ba     0x125c Drivers\STM32F4xx_HAL_Driver\Src\stm32f4xx_hal_dma.o
 .debug_info    0x00006516      0xf88 Drivers\STM32F4xx_HAL_Driver\Src\stm32f4xx_hal_gpio.o
 .debug_info    0x0000749e     0x378c Drivers\STM32F4xx_HAL_Driver\Src\stm32f4xx_hal_i2c.o
 .debug_info    0x0000ac2a     0x1269 Drivers\STM32F4xx_HAL_Driver\Src\stm32f4xx_hal_rcc.o
 .debug_info    0x0000be93     0x3ba2 Drivers\STM32F4xx_HAL_Driver\Src\stm32f4xx_hal_tim.o
 .debug_info    0x0000fa35     0x19a5 Drivers\STM32F4xx_HAL_Driver\Src\stm32f4xx_hal_tim_ex.o
 .debug_info    0x000113da     0x1d7b Drivers\STM32F4xx_HAL_Driver\Src\stm32f4xx_hal_usart.o
 .debug_info    0x00013155     0x1996 Src\BGC.o
 .debug_info    0x00014aeb     0x1515 Src\BLDC.o
 .debug_info    0x00016000     0x1410 Src\Filter.o
 .debug_info    0x00017410     0x29d2 Src\MPU9250.o
 .debug_info    0x00019de2     0x157e Src\adc.o
 .debug_info    0x0001b360      0xed3 Src\bgc_math.o
 .debug_info    0x0001c233      0xe0e Src\dma.o
 .debug_info    0x0001d041      0xddb Src\gpio.o
 .debug_info    0x0001de1c     0x1722 Src\i2c.o
 .debug_info    0x0001f53e     0x266e Src\main.o
 .debug_info    0x00021bac      0xe53 Src\stm32f4xx_hal_msp.o
 .debug_info    0x000229ff     0x1758 Src\stm32f4xx_it.o
 .debug_info    0x00024157      0xd1c Src\system_stm32f4xx.o
 .debug_info    0x00024e73     0x1ecb Src\tim.o
 .debug_info    0x00026d3e     0x1448 Src\usart.o
 .debug_info    0x00028186       0xb0 startup\startup_stm32f407xx.o

.debug_abbrev   0x00000000     0x4986
 .debug_abbrev  0x00000000      0x308 Drivers\STM32F4xx_HAL_Driver\Src\stm32f4xx_hal.o
 .debug_abbrev  0x00000308      0x321 Drivers\STM32F4xx_HAL_Driver\Src\stm32f4xx_hal_adc.o
 .debug_abbrev  0x00000629      0x2e6 Drivers\STM32F4xx_HAL_Driver\Src\stm32f4xx_hal_adc_ex.o
 .debug_abbrev  0x0000090f      0x399 Drivers\STM32F4xx_HAL_Driver\Src\stm32f4xx_hal_cortex.o
 .debug_abbrev  0x00000ca8      0x34a Drivers\STM32F4xx_HAL_Driver\Src\stm32f4xx_hal_dma.o
 .debug_abbrev  0x00000ff2      0x268 Drivers\STM32F4xx_HAL_Driver\Src\stm32f4xx_hal_gpio.o
 .debug_abbrev  0x0000125a      0x3b4 Drivers\STM32F4xx_HAL_Driver\Src\stm32f4xx_hal_i2c.o
 .debug_abbrev  0x0000160e      0x353 Drivers\STM32F4xx_HAL_Driver\Src\stm32f4xx_hal_rcc.o
 .debug_abbrev  0x00001961      0x3ac Drivers\STM32F4xx_HAL_Driver\Src\stm32f4xx_hal_tim.o
 .debug_abbrev  0x00001d0d      0x300 Drivers\STM32F4xx_HAL_Driver\Src\stm32f4xx_hal_tim_ex.o
 .debug_abbrev  0x0000200d      0x399 Drivers\STM32F4xx_HAL_Driver\Src\stm32f4xx_hal_usart.o
 .debug_abbrev  0x000023a6      0x2fe Src\BGC.o
 .debug_abbrev  0x000026a4      0x2cb Src\BLDC.o
 .debug_abbrev  0x0000296f      0x2ac Src\Filter.o
 .debug_abbrev  0x00002c1b      0x377 Src\MPU9250.o
 .debug_abbrev  0x00002f92      0x232 Src\adc.o
 .debug_abbrev  0x000031c4      0x335 Src\bgc_math.o
 .debug_abbrev  0x000034f9      0x1f5 Src\dma.o
 .debug_abbrev  0x000036ee      0x1f7 Src\gpio.o
 .debug_abbrev  0x000038e5      0x25a Src\i2c.o
 .debug_abbrev  0x00003b3f      0x302 Src\main.o
 .debug_abbrev  0x00003e41      0x200 Src\stm32f4xx_hal_msp.o
 .debug_abbrev  0x00004041      0x24b Src\stm32f4xx_it.o
 .debug_abbrev  0x0000428c      0x1ca Src\system_stm32f4xx.o
 .debug_abbrev  0x00004456      0x2ee Src\tim.o
 .debug_abbrev  0x00004744      0x230 Src\usart.o
 .debug_abbrev  0x00004974       0x12 startup\startup_stm32f407xx.o

.debug_loc      0x00000000     0xee3d
 .debug_loc     0x00000000      0x11b Drivers\STM32F4xx_HAL_Driver\Src\stm32f4xx_hal.o
 .debug_loc     0x0000011b      0x79c Drivers\STM32F4xx_HAL_Driver\Src\stm32f4xx_hal_adc.o
 .debug_loc     0x000008b7      0x7a8 Drivers\STM32F4xx_HAL_Driver\Src\stm32f4xx_hal_adc_ex.o
 .debug_loc     0x0000105f      0x4fb Drivers\STM32F4xx_HAL_Driver\Src\stm32f4xx_hal_cortex.o
 .debug_loc     0x0000155a      0x727 Drivers\STM32F4xx_HAL_Driver\Src\stm32f4xx_hal_dma.o
 .debug_loc     0x00001c81      0x3cd Drivers\STM32F4xx_HAL_Driver\Src\stm32f4xx_hal_gpio.o
 .debug_loc     0x0000204e     0x2bba Drivers\STM32F4xx_HAL_Driver\Src\stm32f4xx_hal_i2c.o
 .debug_loc     0x00004c08      0x336 Drivers\STM32F4xx_HAL_Driver\Src\stm32f4xx_hal_rcc.o
 .debug_loc     0x00004f3e     0x30b2 Drivers\STM32F4xx_HAL_Driver\Src\stm32f4xx_hal_tim.o
 .debug_loc     0x00007ff0      0x84a Drivers\STM32F4xx_HAL_Driver\Src\stm32f4xx_hal_tim_ex.o
 .debug_loc     0x0000883a     0x11f8 Drivers\STM32F4xx_HAL_Driver\Src\stm32f4xx_hal_usart.o
 .debug_loc     0x00009a32      0x991 Src\BGC.o
 .debug_loc     0x0000a3c3      0x193 Src\BLDC.o
 .debug_loc     0x0000a556     0x176b Src\Filter.o
 .debug_loc     0x0000bcc1     0x2692 Src\MPU9250.o
 .debug_loc     0x0000e353       0x58 Src\adc.o
 .debug_loc     0x0000e3ab      0x769 Src\bgc_math.o
 .debug_loc     0x0000eb14       0x81 Src\i2c.o
 .debug_loc     0x0000eb95       0x39 Src\main.o
 .debug_loc     0x0000ebce      0x11c Src\system_stm32f4xx.o
 .debug_loc     0x0000ecea      0x106 Src\tim.o
 .debug_loc     0x0000edf0       0x4d Src\usart.o

.debug_aranges  0x00000000      0xe98
 .debug_aranges
                0x00000000       0xd8 Drivers\STM32F4xx_HAL_Driver\Src\stm32f4xx_hal.o
 .debug_aranges
                0x000000d8       0xb8 Drivers\STM32F4xx_HAL_Driver\Src\stm32f4xx_hal_adc.o
 .debug_aranges
                0x00000190       0x90 Drivers\STM32F4xx_HAL_Driver\Src\stm32f4xx_hal_adc_ex.o
 .debug_aranges
                0x00000220       0xa8 Drivers\STM32F4xx_HAL_Driver\Src\stm32f4xx_hal_cortex.o
 .debug_aranges
                0x000002c8       0x80 Drivers\STM32F4xx_HAL_Driver\Src\stm32f4xx_hal_dma.o
 .debug_aranges
                0x00000348       0x58 Drivers\STM32F4xx_HAL_Driver\Src\stm32f4xx_hal_gpio.o
 .debug_aranges
                0x000003a0      0x190 Drivers\STM32F4xx_HAL_Driver\Src\stm32f4xx_hal_i2c.o
 .debug_aranges
                0x00000530       0x88 Drivers\STM32F4xx_HAL_Driver\Src\stm32f4xx_hal_rcc.o
 .debug_aranges
                0x000005b8      0x250 Drivers\STM32F4xx_HAL_Driver\Src\stm32f4xx_hal_tim.o
 .debug_aranges
                0x00000808       0xf0 Drivers\STM32F4xx_HAL_Driver\Src\stm32f4xx_hal_tim_ex.o
 .debug_aranges
                0x000008f8      0x118 Drivers\STM32F4xx_HAL_Driver\Src\stm32f4xx_hal_usart.o
 .debug_aranges
                0x00000a10       0x50 Src\BGC.o
 .debug_aranges
                0x00000a60       0x60 Src\BLDC.o
 .debug_aranges
                0x00000ac0       0x48 Src\Filter.o
 .debug_aranges
                0x00000b08       0x88 Src\MPU9250.o
 .debug_aranges
                0x00000b90       0x38 Src\adc.o
 .debug_aranges
                0x00000bc8       0x78 Src\bgc_math.o
 .debug_aranges
                0x00000c40       0x20 Src\dma.o
 .debug_aranges
                0x00000c60       0x20 Src\gpio.o
 .debug_aranges
                0x00000c80       0x38 Src\i2c.o
 .debug_aranges
                0x00000cb8       0x38 Src\main.o
 .debug_aranges
                0x00000cf0       0x20 Src\stm32f4xx_hal_msp.o
 .debug_aranges
                0x00000d10       0xa0 Src\stm32f4xx_it.o
 .debug_aranges
                0x00000db0       0x28 Src\system_stm32f4xx.o
 .debug_aranges
                0x00000dd8       0x68 Src\tim.o
 .debug_aranges
                0x00000e40       0x30 Src\usart.o
 .debug_aranges
                0x00000e70       0x28 startup\startup_stm32f407xx.o

.debug_ranges   0x00000000     0x1288
 .debug_ranges  0x00000000       0xc8 Drivers\STM32F4xx_HAL_Driver\Src\stm32f4xx_hal.o
 .debug_ranges  0x000000c8       0xc8 Drivers\STM32F4xx_HAL_Driver\Src\stm32f4xx_hal_adc.o
 .debug_ranges  0x00000190       0x80 Drivers\STM32F4xx_HAL_Driver\Src\stm32f4xx_hal_adc_ex.o
 .debug_ranges  0x00000210      0x138 Drivers\STM32F4xx_HAL_Driver\Src\stm32f4xx_hal_cortex.o
 .debug_ranges  0x00000348       0xc8 Drivers\STM32F4xx_HAL_Driver\Src\stm32f4xx_hal_dma.o
 .debug_ranges  0x00000410       0x68 Drivers\STM32F4xx_HAL_Driver\Src\stm32f4xx_hal_gpio.o
 .debug_ranges  0x00000478      0x358 Drivers\STM32F4xx_HAL_Driver\Src\stm32f4xx_hal_i2c.o
 .debug_ranges  0x000007d0       0xb0 Drivers\STM32F4xx_HAL_Driver\Src\stm32f4xx_hal_rcc.o
 .debug_ranges  0x00000880      0x330 Drivers\STM32F4xx_HAL_Driver\Src\stm32f4xx_hal_tim.o
 .debug_ranges  0x00000bb0       0xe0 Drivers\STM32F4xx_HAL_Driver\Src\stm32f4xx_hal_tim_ex.o
 .debug_ranges  0x00000c90      0x158 Drivers\STM32F4xx_HAL_Driver\Src\stm32f4xx_hal_usart.o
 .debug_ranges  0x00000de8       0x58 Src\BGC.o
 .debug_ranges  0x00000e40       0x50 Src\BLDC.o
 .debug_ranges  0x00000e90       0x38 Src\Filter.o
 .debug_ranges  0x00000ec8       0x78 Src\MPU9250.o
 .debug_ranges  0x00000f40       0x28 Src\adc.o
 .debug_ranges  0x00000f68       0x80 Src\bgc_math.o
 .debug_ranges  0x00000fe8       0x30 Src\dma.o
 .debug_ranges  0x00001018       0x40 Src\gpio.o
 .debug_ranges  0x00001058       0x68 Src\i2c.o
 .debug_ranges  0x000010c0       0x28 Src\main.o
 .debug_ranges  0x000010e8       0x28 Src\stm32f4xx_hal_msp.o
 .debug_ranges  0x00001110       0x90 Src\stm32f4xx_it.o
 .debug_ranges  0x000011a0       0x18 Src\system_stm32f4xx.o
 .debug_ranges  0x000011b8       0x70 Src\tim.o
 .debug_ranges  0x00001228       0x40 Src\usart.o
 .debug_ranges  0x00001268       0x20 startup\startup_stm32f407xx.o

.debug_line     0x00000000     0xa079
 .debug_line    0x00000000      0x492 Drivers\STM32F4xx_HAL_Driver\Src\stm32f4xx_hal.o
 .debug_line    0x00000492      0x758 Drivers\STM32F4xx_HAL_Driver\Src\stm32f4xx_hal_adc.o
 .debug_line    0x00000bea      0x631 Drivers\STM32F4xx_HAL_Driver\Src\stm32f4xx_hal_adc_ex.o
 .debug_line    0x0000121b      0x4dc Drivers\STM32F4xx_HAL_Driver\Src\stm32f4xx_hal_cortex.o
 .debug_line    0x000016f7      0x5f7 Drivers\STM32F4xx_HAL_Driver\Src\stm32f4xx_hal_dma.o
 .debug_line    0x00001cee      0x47a Drivers\STM32F4xx_HAL_Driver\Src\stm32f4xx_hal_gpio.o
 .debug_line    0x00002168     0x1887 Drivers\STM32F4xx_HAL_Driver\Src\stm32f4xx_hal_i2c.o
 .debug_line    0x000039ef      0x58b Drivers\STM32F4xx_HAL_Driver\Src\stm32f4xx_hal_rcc.o
 .debug_line    0x00003f7a     0x117f Drivers\STM32F4xx_HAL_Driver\Src\stm32f4xx_hal_tim.o
 .debug_line    0x000050f9      0x6cb Drivers\STM32F4xx_HAL_Driver\Src\stm32f4xx_hal_tim_ex.o
 .debug_line    0x000057c4      0xb94 Drivers\STM32F4xx_HAL_Driver\Src\stm32f4xx_hal_usart.o
 .debug_line    0x00006358      0x476 Src\BGC.o
 .debug_line    0x000067ce      0x3c8 Src\BLDC.o
 .debug_line    0x00006b96      0x52f Src\Filter.o
 .debug_line    0x000070c5      0x8f6 Src\MPU9250.o
 .debug_line    0x000079bb      0x376 Src\adc.o
 .debug_line    0x00007d31      0x3d8 Src\bgc_math.o
 .debug_line    0x00008109      0x27f Src\dma.o
 .debug_line    0x00008388      0x2a9 Src\gpio.o
 .debug_line    0x00008631      0x3e1 Src\i2c.o
 .debug_line    0x00008a12      0x4cc Src\main.o
 .debug_line    0x00008ede      0x28c Src\stm32f4xx_hal_msp.o
 .debug_line    0x0000916a      0x42f Src\stm32f4xx_it.o
 .debug_line    0x00009599      0x275 Src\system_stm32f4xx.o
 .debug_line    0x0000980e      0x4aa Src\tim.o
 .debug_line    0x00009cb8      0x342 Src\usart.o
 .debug_line    0x00009ffa       0x7f startup\startup_stm32f407xx.o

.debug_str      0x00000000     0x5561
 .debug_str     0x00000000      0xf3e Drivers\STM32F4xx_HAL_Driver\Src\stm32f4xx_hal.o
                                0xff2 (size before relaxing)
 .debug_str     0x00000f3e      0x685 Drivers\STM32F4xx_HAL_Driver\Src\stm32f4xx_hal_adc.o
                                0xdf2 (size before relaxing)
 .debug_str     0x000015c3      0x2df Drivers\STM32F4xx_HAL_Driver\Src\stm32f4xx_hal_adc_ex.o
                                0xe55 (size before relaxing)
 .debug_str     0x000018a2      0x3c3 Drivers\STM32F4xx_HAL_Driver\Src\stm32f4xx_hal_cortex.o
                               0x10c9 (size before relaxing)
 .debug_str     0x00001c65      0x2ef Drivers\STM32F4xx_HAL_Driver\Src\stm32f4xx_hal_dma.o
                                0xc25 (size before relaxing)
 .debug_str     0x00001f54      0x1c8 Drivers\STM32F4xx_HAL_Driver\Src\stm32f4xx_hal_gpio.o
                                0x99f (size before relaxing)
 .debug_str     0x0000211c      0xa45 Drivers\STM32F4xx_HAL_Driver\Src\stm32f4xx_hal_i2c.o
                               0x13e5 (size before relaxing)
 .debug_str     0x00002b61      0x2c9 Drivers\STM32F4xx_HAL_Driver\Src\stm32f4xx_hal_rcc.o
                                0xb72 (size before relaxing)
 .debug_str     0x00002e2a      0xeda Drivers\STM32F4xx_HAL_Driver\Src\stm32f4xx_hal_tim.o
                               0x1864 (size before relaxing)
 .debug_str     0x00003d04      0x50d Drivers\STM32F4xx_HAL_Driver\Src\stm32f4xx_hal_tim_ex.o
                               0x1124 (size before relaxing)
 .debug_str     0x00004211      0x598 Drivers\STM32F4xx_HAL_Driver\Src\stm32f4xx_hal_usart.o
                                0xf87 (size before relaxing)
 .debug_str     0x000047a9      0x40b Src\BGC.o
                                0xfd9 (size before relaxing)
 .debug_str     0x00004bb4       0xa2 Src\BLDC.o
                                0xbf5 (size before relaxing)
 .debug_str     0x00004c56      0x1ab Src\Filter.o
                                0x844 (size before relaxing)
 .debug_str     0x00004e01      0x2d7 Src\MPU9250.o
                               0x122d (size before relaxing)
 .debug_str     0x000050d8       0x4c Src\adc.o
                               0x11c1 (size before relaxing)
 .debug_str     0x00005124       0x8d Src\bgc_math.o
                                0x749 (size before relaxing)
 .debug_str     0x000051b1       0x19 Src\dma.o
                                0xc8f (size before relaxing)
 .debug_str     0x000051ca       0x1b Src\gpio.o
                                0x838 (size before relaxing)
 .debug_str     0x000051e5       0x65 Src\i2c.o
                               0x12e0 (size before relaxing)
 .debug_str     0x0000524a       0xc9 Src\main.o
                               0x1cfd (size before relaxing)
 .debug_str     0x00005313       0x1b Src\stm32f4xx_hal_msp.o
                                0xca7 (size before relaxing)
 .debug_str     0x0000532e      0x17d Src\stm32f4xx_it.o
                               0x1280 (size before relaxing)
 .debug_str     0x000054ab       0x45 Src\system_stm32f4xx.o
                                0x803 (size before relaxing)
 .debug_str     0x000054f0       0x56 Src\tim.o
                               0x1538 (size before relaxing)
 .debug_str     0x00005546       0x1b Src\usart.o
                               0x11ac (size before relaxing)

.comment        0x00000000       0x7c
 .comment       0x00000000       0x7c Drivers\STM32F4xx_HAL_Driver\Src\stm32f4xx_hal.o
                                 0x7d (size before relaxing)
 .comment       0x0000007c       0x7d Drivers\STM32F4xx_HAL_Driver\Src\stm32f4xx_hal_adc.o
 .comment       0x0000007c       0x7d Drivers\STM32F4xx_HAL_Driver\Src\stm32f4xx_hal_adc_ex.o
 .comment       0x0000007c       0x7d Drivers\STM32F4xx_HAL_Driver\Src\stm32f4xx_hal_cortex.o
 .comment       0x0000007c       0x7d Drivers\STM32F4xx_HAL_Driver\Src\stm32f4xx_hal_dma.o
 .comment       0x0000007c       0x7d Drivers\STM32F4xx_HAL_Driver\Src\stm32f4xx_hal_gpio.o
 .comment       0x0000007c       0x7d Drivers\STM32F4xx_HAL_Driver\Src\stm32f4xx_hal_i2c.o
 .comment       0x0000007c       0x7d Drivers\STM32F4xx_HAL_Driver\Src\stm32f4xx_hal_rcc.o
 .comment       0x0000007c       0x7d Drivers\STM32F4xx_HAL_Driver\Src\stm32f4xx_hal_tim.o
 .comment       0x0000007c       0x7d Drivers\STM32F4xx_HAL_Driver\Src\stm32f4xx_hal_tim_ex.o
 .comment       0x0000007c       0x7d Drivers\STM32F4xx_HAL_Driver\Src\stm32f4xx_hal_usart.o
 .comment       0x0000007c       0x7d Src\BGC.o
 .comment       0x0000007c       0x7d Src\BLDC.o
 .comment       0x0000007c       0x7d Src\Filter.o
 .comment       0x0000007c       0x7d Src\MPU9250.o
 .comment       0x0000007c       0x7d Src\adc.o
 .comment       0x0000007c       0x7d Src\bgc_math.o
 .comment       0x0000007c       0x7d Src\dma.o
 .comment       0x0000007c       0x7d Src\gpio.o
 .comment       0x0000007c       0x7d Src\i2c.o
 .comment       0x0000007c       0x7d Src\main.o
 .comment       0x0000007c       0x7d Src\stm32f4xx_hal_msp.o
 .comment       0x0000007c       0x7d Src\stm32f4xx_it.o
 .comment       0x0000007c       0x7d Src\system_stm32f4xx.o
 .comment       0x0000007c       0x7d Src\tim.o
 .comment       0x0000007c       0x7d Src\usart.o

.debug_frame    0x00000000     0x32c8
 .debug_frame   0x00000000      0x1d0 Drivers\STM32F4xx_HAL_Driver\Src\stm32f4xx_hal.o
 .debug_frame   0x000001d0      0x244 Drivers\STM32F4xx_HAL_Driver\Src\stm32f4xx_hal_adc.o
 .debug_frame   0x00000414      0x160 Drivers\STM32F4xx_HAL_Driver\Src\stm32f4xx_hal_adc_ex.o
 .debug_frame   0x00000574      0x158 Drivers\STM32F4xx_HAL_Driver\Src\stm32f4xx_hal_cortex.o
 .debug_frame   0x000006cc      0x150 Drivers\STM32F4xx_HAL_Driver\Src\stm32f4xx_hal_dma.o
 .debug_frame   0x0000081c       0xd8 Drivers\STM32F4xx_HAL_Driver\Src\stm32f4xx_hal_gpio.o
 .debug_frame   0x000008f4      0x684 Drivers\STM32F4xx_HAL_Driver\Src\stm32f4xx_hal_i2c.o
 .debug_frame   0x00000f78      0x13c Drivers\STM32F4xx_HAL_Driver\Src\stm32f4xx_hal_rcc.o
 .debug_frame   0x000010b4      0x854 Drivers\STM32F4xx_HAL_Driver\Src\stm32f4xx_hal_tim.o
 .debug_frame   0x00001908      0x330 Drivers\STM32F4xx_HAL_Driver\Src\stm32f4xx_hal_tim_ex.o
 .debug_frame   0x00001c38      0x3d0 Drivers\STM32F4xx_HAL_Driver\Src\stm32f4xx_hal_usart.o
 .debug_frame   0x00002008      0x118 Src\BGC.o
 .debug_frame   0x00002120       0xb0 Src\BLDC.o
 .debug_frame   0x000021d0      0x2a8 Src\Filter.o
 .debug_frame   0x00002478      0x2bc Src\MPU9250.o
 .debug_frame   0x00002734       0x74 Src\adc.o
 .debug_frame   0x000027a8      0x19c Src\bgc_math.o
 .debug_frame   0x00002944       0x2c Src\dma.o
 .debug_frame   0x00002970       0x38 Src\gpio.o
 .debug_frame   0x000029a8       0x94 Src\i2c.o
 .debug_frame   0x00002a3c       0x78 Src\main.o
 .debug_frame   0x00002ab4       0x2c Src\stm32f4xx_hal_msp.o
 .debug_frame   0x00002ae0      0x174 Src\stm32f4xx_it.o
 .debug_frame   0x00002c54       0x38 Src\system_stm32f4xx.o
 .debug_frame   0x00002c8c      0x11c Src\tim.o
 .debug_frame   0x00002da8       0x74 Src\usart.o
 .debug_frame   0x00002e1c       0x2c c:/program files (x86)/atollic/truestudio for stm32 9.1.0/armtools/bin/../lib/gcc/arm-atollic-eabi/6.3.1/../../../../arm-atollic-eabi/lib/armv7e-m/fpu\libc_nano.a(lib_a-init.o)
 .debug_frame   0x00002e48       0x44 c:/program files (x86)/atollic/truestudio for stm32 9.1.0/armtools/bin/../lib/gcc/arm-atollic-eabi/6.3.1/../../../../arm-atollic-eabi/lib/armv7e-m/fpu\libm.a(lib_a-w_asin.o)
 .debug_frame   0x00002e8c       0x20 c:/program files (x86)/atollic/truestudio for stm32 9.1.0/armtools/bin/../lib/gcc/arm-atollic-eabi/6.3.1/../../../../arm-atollic-eabi/lib/armv7e-m/fpu\libm.a(lib_a-w_atan2.o)
 .debug_frame   0x00002eac       0x4c c:/program files (x86)/atollic/truestudio for stm32 9.1.0/armtools/bin/../lib/gcc/arm-atollic-eabi/6.3.1/../../../../arm-atollic-eabi/lib/armv7e-m/fpu\libm.a(lib_a-w_sqrt.o)
 .debug_frame   0x00002ef8       0x40 c:/program files (x86)/atollic/truestudio for stm32 9.1.0/armtools/bin/../lib/gcc/arm-atollic-eabi/6.3.1/../../../../arm-atollic-eabi/lib/armv7e-m/fpu\libm.a(lib_a-e_asin.o)
 .debug_frame   0x00002f38       0x44 c:/program files (x86)/atollic/truestudio for stm32 9.1.0/armtools/bin/../lib/gcc/arm-atollic-eabi/6.3.1/../../../../arm-atollic-eabi/lib/armv7e-m/fpu\libm.a(lib_a-e_atan2.o)
 .debug_frame   0x00002f7c       0x30 c:/program files (x86)/atollic/truestudio for stm32 9.1.0/armtools/bin/../lib/gcc/arm-atollic-eabi/6.3.1/../../../../arm-atollic-eabi/lib/armv7e-m/fpu\libm.a(lib_a-e_sqrt.o)
 .debug_frame   0x00002fac       0x38 c:/program files (x86)/atollic/truestudio for stm32 9.1.0/armtools/bin/../lib/gcc/arm-atollic-eabi/6.3.1/../../../../arm-atollic-eabi/lib/armv7e-m/fpu\libm.a(lib_a-s_atan.o)
 .debug_frame   0x00002fe4       0x20 c:/program files (x86)/atollic/truestudio for stm32 9.1.0/armtools/bin/../lib/gcc/arm-atollic-eabi/6.3.1/../../../../arm-atollic-eabi/lib/armv7e-m/fpu\libm.a(lib_a-s_fabs.o)
 .debug_frame   0x00003004       0x20 c:/program files (x86)/atollic/truestudio for stm32 9.1.0/armtools/bin/../lib/gcc/arm-atollic-eabi/6.3.1/../../../../arm-atollic-eabi/lib/armv7e-m/fpu\libm.a(lib_a-s_matherr.o)
 .debug_frame   0x00003024       0x20 c:/program files (x86)/atollic/truestudio for stm32 9.1.0/armtools/bin/../lib/gcc/arm-atollic-eabi/6.3.1/../../../../arm-atollic-eabi/lib/armv7e-m/fpu\libm.a(lib_a-s_nan.o)
 .debug_frame   0x00003044       0x20 c:/program files (x86)/atollic/truestudio for stm32 9.1.0/armtools/bin/../lib/gcc/arm-atollic-eabi/6.3.1/../../../../arm-atollic-eabi/lib/armv7e-m/fpu\libc_nano.a(lib_a-errno.o)
 .debug_frame   0x00003064       0xac c:/program files (x86)/atollic/truestudio for stm32 9.1.0/armtools/bin/../lib/gcc/arm-atollic-eabi/6.3.1/armv7e-m/fpu\libgcc.a(_arm_addsubdf3.o)
 .debug_frame   0x00003110       0x50 c:/program files (x86)/atollic/truestudio for stm32 9.1.0/armtools/bin/../lib/gcc/arm-atollic-eabi/6.3.1/armv7e-m/fpu\libgcc.a(_arm_muldivdf3.o)
 .debug_frame   0x00003160       0xc4 c:/program files (x86)/atollic/truestudio for stm32 9.1.0/armtools/bin/../lib/gcc/arm-atollic-eabi/6.3.1/armv7e-m/fpu\libgcc.a(_arm_cmpdf2.o)
 .debug_frame   0x00003224       0x20 c:/program files (x86)/atollic/truestudio for stm32 9.1.0/armtools/bin/../lib/gcc/arm-atollic-eabi/6.3.1/armv7e-m/fpu\libgcc.a(_arm_unorddf2.o)
 .debug_frame   0x00003244       0x24 c:/program files (x86)/atollic/truestudio for stm32 9.1.0/armtools/bin/../lib/gcc/arm-atollic-eabi/6.3.1/armv7e-m/fpu\libgcc.a(_arm_truncdfsf2.o)
 .debug_frame   0x00003268       0x2c c:/program files (x86)/atollic/truestudio for stm32 9.1.0/armtools/bin/../lib/gcc/arm-atollic-eabi/6.3.1/armv7e-m/fpu\libgcc.a(_aeabi_uldivmod.o)
 .debug_frame   0x00003294       0x34 c:/program files (x86)/atollic/truestudio for stm32 9.1.0/armtools/bin/../lib/gcc/arm-atollic-eabi/6.3.1/armv7e-m/fpu\libgcc.a(_udivmoddi4.o)
