Archive member included to satisfy reference by file (symbol)

c:/program files (x86)/atollic/truestudio for stm32 9.1.0/armtools/bin/../lib/gcc/arm-atollic-eabi/6.3.1/../../../../arm-atollic-eabi/lib/armv7e-m/fpu\libc_nano.a(lib_a-init.o)
                              startup\startup_stm32f407xx.o (__libc_init_array)
c:/program files (x86)/atollic/truestudio for stm32 9.1.0/armtools/bin/../lib/gcc/arm-atollic-eabi/6.3.1/../../../../arm-atollic-eabi/lib/armv7e-m/fpu\libm.a(lib_a-w_asin.o)
                              Src\Filter.o (asin)
c:/program files (x86)/atollic/truestudio for stm32 9.1.0/armtools/bin/../lib/gcc/arm-atollic-eabi/6.3.1/../../../../arm-atollic-eabi/lib/armv7e-m/fpu\libm.a(lib_a-w_atan2.o)
                              Src\Filter.o (atan2)
c:/program files (x86)/atollic/truestudio for stm32 9.1.0/armtools/bin/../lib/gcc/arm-atollic-eabi/6.3.1/../../../../arm-atollic-eabi/lib/armv7e-m/fpu\libm.a(lib_a-w_sqrt.o)
                              Src\Filter.o (sqrt)
c:/program files (x86)/atollic/truestudio for stm32 9.1.0/armtools/bin/../lib/gcc/arm-atollic-eabi/6.3.1/../../../../arm-atollic-eabi/lib/armv7e-m/fpu\libm.a(lib_a-e_asin.o)
                              c:/program files (x86)/atollic/truestudio for stm32 9.1.0/armtools/bin/../lib/gcc/arm-atollic-eabi/6.3.1/../../../../arm-atollic-eabi/lib/armv7e-m/fpu\libm.a(lib_a-w_asin.o) (__ieee754_asin)
c:/program files (x86)/atollic/truestudio for stm32 9.1.0/armtools/bin/../lib/gcc/arm-atollic-eabi/6.3.1/../../../../arm-atollic-eabi/lib/armv7e-m/fpu\libm.a(lib_a-e_atan2.o)
                              c:/program files (x86)/atollic/truestudio for stm32 9.1.0/armtools/bin/../lib/gcc/arm-atollic-eabi/6.3.1/../../../../arm-atollic-eabi/lib/armv7e-m/fpu\libm.a(lib_a-w_atan2.o) (__ieee754_atan2)
c:/program files (x86)/atollic/truestudio for stm32 9.1.0/armtools/bin/../lib/gcc/arm-atollic-eabi/6.3.1/../../../../arm-atollic-eabi/lib/armv7e-m/fpu\libm.a(lib_a-e_sqrt.o)
                              c:/program files (x86)/atollic/truestudio for stm32 9.1.0/armtools/bin/../lib/gcc/arm-atollic-eabi/6.3.1/../../../../arm-atollic-eabi/lib/armv7e-m/fpu\libm.a(lib_a-w_sqrt.o) (__ieee754_sqrt)
c:/program files (x86)/atollic/truestudio for stm32 9.1.0/armtools/bin/../lib/gcc/arm-atollic-eabi/6.3.1/../../../../arm-atollic-eabi/lib/armv7e-m/fpu\libm.a(lib_a-s_atan.o)
                              c:/program files (x86)/atollic/truestudio for stm32 9.1.0/armtools/bin/../lib/gcc/arm-atollic-eabi/6.3.1/../../../../arm-atollic-eabi/lib/armv7e-m/fpu\libm.a(lib_a-e_atan2.o) (atan)
c:/program files (x86)/atollic/truestudio for stm32 9.1.0/armtools/bin/../lib/gcc/arm-atollic-eabi/6.3.1/../../../../arm-atollic-eabi/lib/armv7e-m/fpu\libm.a(lib_a-s_fabs.o)
                              c:/program files (x86)/atollic/truestudio for stm32 9.1.0/armtools/bin/../lib/gcc/arm-atollic-eabi/6.3.1/../../../../arm-atollic-eabi/lib/armv7e-m/fpu\libm.a(lib_a-w_asin.o) (fabs)
c:/program files (x86)/atollic/truestudio for stm32 9.1.0/armtools/bin/../lib/gcc/arm-atollic-eabi/6.3.1/../../../../arm-atollic-eabi/lib/armv7e-m/fpu\libm.a(lib_a-s_lib_ver.o)
                              c:/program files (x86)/atollic/truestudio for stm32 9.1.0/armtools/bin/../lib/gcc/arm-atollic-eabi/6.3.1/../../../../arm-atollic-eabi/lib/armv7e-m/fpu\libm.a(lib_a-w_asin.o) (__fdlib_version)
c:/program files (x86)/atollic/truestudio for stm32 9.1.0/armtools/bin/../lib/gcc/arm-atollic-eabi/6.3.1/../../../../arm-atollic-eabi/lib/armv7e-m/fpu\libm.a(lib_a-s_matherr.o)
                              c:/program files (x86)/atollic/truestudio for stm32 9.1.0/armtools/bin/../lib/gcc/arm-atollic-eabi/6.3.1/../../../../arm-atollic-eabi/lib/armv7e-m/fpu\libm.a(lib_a-w_asin.o) (matherr)
c:/program files (x86)/atollic/truestudio for stm32 9.1.0/armtools/bin/../lib/gcc/arm-atollic-eabi/6.3.1/../../../../arm-atollic-eabi/lib/armv7e-m/fpu\libm.a(lib_a-s_nan.o)
                              c:/program files (x86)/atollic/truestudio for stm32 9.1.0/armtools/bin/../lib/gcc/arm-atollic-eabi/6.3.1/../../../../arm-atollic-eabi/lib/armv7e-m/fpu\libm.a(lib_a-w_asin.o) (nan)
c:/program files (x86)/atollic/truestudio for stm32 9.1.0/armtools/bin/../lib/gcc/arm-atollic-eabi/6.3.1/../../../../arm-atollic-eabi/lib/armv7e-m/fpu\libc_nano.a(lib_a-errno.o)
                              c:/program files (x86)/atollic/truestudio for stm32 9.1.0/armtools/bin/../lib/gcc/arm-atollic-eabi/6.3.1/../../../../arm-atollic-eabi/lib/armv7e-m/fpu\libm.a(lib_a-w_asin.o) (__errno)
c:/program files (x86)/atollic/truestudio for stm32 9.1.0/armtools/bin/../lib/gcc/arm-atollic-eabi/6.3.1/../../../../arm-atollic-eabi/lib/armv7e-m/fpu\libc_nano.a(lib_a-impure.o)
                              c:/program files (x86)/atollic/truestudio for stm32 9.1.0/armtools/bin/../lib/gcc/arm-atollic-eabi/6.3.1/../../../../arm-atollic-eabi/lib/armv7e-m/fpu\libc_nano.a(lib_a-errno.o) (_impure_ptr)
[...]
Memory Configuration

Name             Origin             Length             Attributes
RAM              0x20000000         0x00020000         xrw
CCMRAM           0x10000000         0x00010000         rw
FLASH            0x08000000         0x00100000         xr
*default*        0x00000000         0xffffffff

Linker script and memory map

LOAD c:/program files (x86)/atollic/truestudio for stm32 9.1.0/armtools/bin/../lib/gcc/arm-atollic-eabi/6.3.1/armv7e-m/fpu/crti.o
LOAD c:/program files (x86)/atollic/truestudio for stm32 9.1.0/armtools/bin/../lib/gcc/arm-atollic-eabi/6.3.1/armv7e-m/fpu/crtbegin.o
LOAD Drivers\STM32F4xx_HAL_Driver\Src\stm32f4xx_hal.o
LOAD Drivers\STM32F4xx_HAL_Driver\Src\stm32f4xx_hal_adc.o
LOAD Drivers\STM32F4xx_HAL_Driver\Src\stm32f4xx_hal_adc_ex.o
LOAD Drivers\STM32F4xx_HAL_Driver\Src\stm32f4xx_hal_cortex.o
LOAD Drivers\STM32F4xx_HAL_Driver\Src\stm32f4xx_hal_dma.o
LOAD Drivers\STM32F4xx_HAL_Driver\Src\stm32f4xx_hal_dma_ex.o
LOAD Drivers\STM32F4xx_HAL_Driver\Src\stm32f4xx_hal_flash.o
LOAD Drivers\STM32F4xx_HAL_Driver\Src\stm32f4xx_hal_flash_ex.o
LOAD Drivers\STM32F4xx_HAL_Driver\Src\stm32f4xx_hal_flash_ramfunc.o
LOAD Drivers\STM32F4xx_HAL_Driver\Src\stm32f4xx_hal_gpio.o
LOAD Drivers\STM32F4xx_HAL_Driver\Src\stm32f4xx_hal_i2c.o
LOAD Drivers\STM32F4xx_HAL_Driver\Src\stm32f4xx_hal_i2c_ex.o
LOAD Drivers\STM32F4xx_HAL_Driver\Src\stm32f4xx_hal_pwr.o
LOAD Drivers\STM32F4xx_HAL_Driver\Src\stm32f4xx_hal_pwr_ex.o
LOAD Drivers\STM32F4xx_HAL_Driver\Src\stm32f4xx_hal_rcc.o
LOAD Drivers\STM32F4xx_HAL_Driver\Src\stm32f4xx_hal_rcc_ex.o
LOAD Drivers\STM32F4xx_HAL_Driver\Src\stm32f4xx_hal_tim.o
LOAD Drivers\STM32F4xx_HAL_Driver\Src\stm32f4xx_hal_tim_ex.o
LOAD Drivers\STM32F4xx_HAL_Driver\Src\stm32f4xx_hal_usart.o
LOAD Src\BLDC.o
LOAD Src\Filter.o
LOAD Src\MPU6050.o
LOAD Src\SVM.o
LOAD Src\adc.o
LOAD Src\dma.o
LOAD Src\gpio.o
LOAD Src\i2c.o
LOAD Src\main.o
LOAD Src\stm32f4xx_hal_msp.o
LOAD Src\stm32f4xx_it.o
LOAD Src\system_stm32f4xx.o
LOAD Src\tim.o
LOAD Src\usart.o
LOAD startup\startup_stm32f407xx.o
                0x00000080                malloc_getpagesize_P = 0x80
START GROUP
LOAD c:/program files (x86)/atollic/truestudio for stm32 9.1.0/armtools/bin/../lib/gcc/arm-atollic-eabi/6.3.1/../../../../arm-atollic-eabi/lib/armv7e-m/fpu\libc_nano.a
LOAD c:/program files (x86)/atollic/truestudio for stm32 9.1.0/armtools/bin/../lib/gcc/arm-atollic-eabi/6.3.1/../../../../arm-atollic-eabi/lib/armv7e-m/fpu\libm.a
END GROUP
START GROUP
LOAD c:/program files (x86)/atollic/truestudio for stm32 9.1.0/armtools/bin/../lib/gcc/arm-atollic-eabi/6.3.1/armv7e-m/fpu\libgcc.a
LOAD c:/program files (x86)/atollic/truestudio for stm32 9.1.0/armtools/bin/../lib/gcc/arm-atollic-eabi/6.3.1/../../../../arm-atollic-eabi/lib/armv7e-m/fpu\libc_nano.a
END GROUP
START GROUP
LOAD c:/program files (x86)/atollic/truestudio for stm32 9.1.0/armtools/bin/../lib/gcc/arm-atollic-eabi/6.3.1/armv7e-m/fpu\libgcc.a
LOAD c:/program files (x86)/atollic/truestudio for stm32 9.1.0/armtools/bin/../lib/gcc/arm-atollic-eabi/6.3.1/../../../../arm-atollic-eabi/lib/armv7e-m/fpu\libc_nano.a
LOAD c:/program files (x86)/atollic/truestudio for stm32 9.1.0/armtools/bin/../lib/gcc/arm-atollic-eabi/6.3.1/../../../../arm-atollic-eabi/lib/armv7e-m/fpu\libnosys.a
END GROUP
START GROUP
LOAD c:/program files (x86)/atollic/truestudio for stm32 9.1.0/armtools/bin/../lib/gcc/arm-atollic-eabi/6.3.1/armv7e-m/fpu\libgcc.a
LOAD c:/program files (x86)/atollic/truestudio for stm32 9.1.0/armtools/bin/../lib/gcc/arm-atollic-eabi/6.3.1/../../../../arm-atollic-eabi/lib/armv7e-m/fpu\libc_nano.a
LOAD c:/program files (x86)/atollic/truestudio for stm32 9.1.0/armtools/bin/../lib/gcc/arm-atollic-eabi/6.3.1/../../../../arm-atollic-eabi/lib/armv7e-m/fpu\libnosys.a
END GROUP
LOAD c:/program files (x86)/atollic/truestudio for stm32 9.1.0/armtools/bin/../lib/gcc/arm-atollic-eabi/6.3.1/armv7e-m/fpu/crtend.o
LOAD c:/program files (x86)/atollic/truestudio for stm32 9.1.0/armtools/bin/../lib/gcc/arm-atollic-eabi/6.3.1/armv7e-m/fpu/crtn.o
                0x20020000                _estack = 0x20020000
                0x00000200                _Min_Heap_Size = 0x200
                0x00000400                _Min_Stack_Size = 0x400

.isr_vector     0x08000000      0x188
                0x08000000                . = ALIGN (0x4)
 *(.isr_vector)
 .isr_vector    0x08000000      0x188 startup\startup_stm32f407xx.o
                0x08000000                g_pfnVectors
                0x08000188                . = ALIGN (0x4)

.text           0x08000188     0x3c78
                0x08000188                . = ALIGN (0x4)
 *(.text)
 .text          0x08000188       0x40 c:/program files (x86)/atollic/truestudio for stm32 9.1.0/armtools/bin/../lib/gcc/arm-atollic-eabi/6.3.1/armv7e-m/fpu/crtbegin.o
 .text          0x080001c8       0x30 c:/program files (x86)/atollic/truestudio for stm32 9.1.0/armtools/bin/../lib/gcc/arm-atollic-eabi/6.3.1/armv7e-m/fpu\libgcc.a(_aeabi_uldivmod.o)
                0x080001c8                __aeabi_uldivmod
 .text          0x080001f8      0x2dc c:/program files (x86)/atollic/truestudio for stm32 9.1.0/armtools/bin/../lib/gcc/arm-atollic-eabi/6.3.1/armv7e-m/fpu\libgcc.a(_udivmoddi4.o)
                0x080001f8                __udivmoddi4
 .text          0x080004d4        0x4 c:/program files (x86)/atollic/truestudio for stm32 9.1.0/armtools/bin/../lib/gcc/arm-atollic-eabi/6.3.1/armv7e-m/fpu\libgcc.a(_dvmd_tls.o)
                0x080004d4                __aeabi_idiv0
                0x080004d4                __aeabi_ldiv0
 *(.text*)
 .text.HAL_InitTick
                0x080004d8       0x48 Drivers\STM32F4xx_HAL_Driver\Src\stm32f4xx_hal.o
                0x080004d8                HAL_InitTick
 .text.HAL_Init
                0x08000520       0x34 Drivers\STM32F4xx_HAL_Driver\Src\stm32f4xx_hal.o
                0x08000520                HAL_Init
 .text.HAL_IncTick
                0x08000554       0x18 Drivers\STM32F4xx_HAL_Driver\Src\stm32f4xx_hal.o
                0x08000554                HAL_IncTick
 .text.HAL_GetTick
                0x0800056c        0xc Drivers\STM32F4xx_HAL_Driver\Src\stm32f4xx_hal.o
                0x0800056c                HAL_GetTick
 .text.HAL_Delay
                0x08000578       0x28 Drivers\STM32F4xx_HAL_Driver\Src\stm32f4xx_hal.o
                0x08000578                HAL_Delay
 .text.HAL_ADC_Init
                0x080005a0      0x148 Drivers\STM32F4xx_HAL_Driver\Src\stm32f4xx_hal_adc.o
                0x080005a0                HAL_ADC_Init
 .text.HAL_ADC_ConvCpltCallback
                0x080006e8        0x2 Drivers\STM32F4xx_HAL_Driver\Src\stm32f4xx_hal_adc.o
                0x080006e8                HAL_ADC_ConvCpltCallback
 .text.HAL_ADC_LevelOutOfWindowCallback
                0x080006ea        0x2 Drivers\STM32F4xx_HAL_Driver\Src\stm32f4xx_hal_adc.o
                0x080006ea                HAL_ADC_LevelOutOfWindowCallback
 .text.HAL_ADC_ErrorCallback
                0x080006ec        0x2 Drivers\STM32F4xx_HAL_Driver\Src\stm32f4xx_hal_adc.o
                0x080006ec                HAL_ADC_ErrorCallback
 .text.HAL_ADC_IRQHandler
                0x080006ee      0x128 Drivers\STM32F4xx_HAL_Driver\Src\stm32f4xx_hal_adc.o
                0x080006ee                HAL_ADC_IRQHandler
 *fill*         0x08000816        0x2 
 .text.HAL_ADC_ConfigChannel
                0x08000818      0x12c Drivers\STM32F4xx_HAL_Driver\Src\stm32f4xx_hal_adc.o
                0x08000818                HAL_ADC_ConfigChannel
 .text.HAL_ADCEx_InjectedConvCpltCallback
                0x08000944        0x2 Drivers\STM32F4xx_HAL_Driver\Src\stm32f4xx_hal_adc_ex.o
                0x08000944                HAL_ADCEx_InjectedConvCpltCallback
 *fill*         0x08000946        0x2 
 .text.HAL_NVIC_SetPriorityGrouping
                0x08000948       0x24 Drivers\STM32F4xx_HAL_Driver\Src\stm32f4xx_hal_cortex.o
                0x08000948                HAL_NVIC_SetPriorityGrouping
 .text.HAL_NVIC_SetPriority
                0x0800096c       0x68 Drivers\STM32F4xx_HAL_Driver\Src\stm32f4xx_hal_cortex.o
                0x0800096c                HAL_NVIC_SetPriority
 .text.HAL_NVIC_EnableIRQ
                0x080009d4       0x18 Drivers\STM32F4xx_HAL_Driver\Src\stm32f4xx_hal_cortex.o
                0x080009d4                HAL_NVIC_EnableIRQ
 .text.HAL_SYSTICK_Config
                0x080009ec       0x2c Drivers\STM32F4xx_HAL_Driver\Src\stm32f4xx_hal_cortex.o
                0x080009ec                HAL_SYSTICK_Config
 .text.HAL_SYSTICK_CLKSourceConfig
                0x08000a18       0x18 Drivers\STM32F4xx_HAL_Driver\Src\stm32f4xx_hal_cortex.o
                0x08000a18                HAL_SYSTICK_CLKSourceConfig
 .text.HAL_SYSTICK_Callback
                0x08000a30        0x2 Drivers\STM32F4xx_HAL_Driver\Src\stm32f4xx_hal_cortex.o
                0x08000a30                HAL_SYSTICK_Callback
 .text.HAL_SYSTICK_IRQHandler
                0x08000a32        0x8 Drivers\STM32F4xx_HAL_Driver\Src\stm32f4xx_hal_cortex.o
                0x08000a32                HAL_SYSTICK_IRQHandler
 *fill*         0x08000a3a        0x2 
 .text.DMA_CalcBaseAndBitshift
                0x08000a3c       0x2c Drivers\STM32F4xx_HAL_Driver\Src\stm32f4xx_hal_dma.o
 .text.HAL_DMA_Init
                0x08000a68       0xfc Drivers\STM32F4xx_HAL_Driver\Src\stm32f4xx_hal_dma.o
                0x08000a68                HAL_DMA_Init
 .text.HAL_DMA_Abort_IT
                0x08000b64       0x24 Drivers\STM32F4xx_HAL_Driver\Src\stm32f4xx_hal_dma.o
                0x08000b64                HAL_DMA_Abort_IT
 .text.HAL_DMA_IRQHandler
                0x08000b88      0x174 Drivers\STM32F4xx_HAL_Driver\Src\stm32f4xx_hal_dma.o
                0x08000b88                HAL_DMA_IRQHandler
 .text.HAL_GPIO_Init
                0x08000cfc      0x1c0 Drivers\STM32F4xx_HAL_Driver\Src\stm32f4xx_hal_gpio.o
                0x08000cfc                HAL_GPIO_Init
 .text.HAL_GPIO_WritePin
                0x08000ebc        0xa Drivers\STM32F4xx_HAL_Driver\Src\stm32f4xx_hal_gpio.o
                0x08000ebc                HAL_GPIO_WritePin
 .text.I2C_IsAcknowledgeFailed
                0x08000ec6       0x2a Drivers\STM32F4xx_HAL_Driver\Src\stm32f4xx_hal_i2c.o
 .text.I2C_WaitOnMasterAddressFlagUntilTimeout
                0x08000ef0       0x80 Drivers\STM32F4xx_HAL_Driver\Src\stm32f4xx_hal_i2c.o
 .text.I2C_WaitOnFlagUntilTimeout
                0x08000f70       0x5c Drivers\STM32F4xx_HAL_Driver\Src\stm32f4xx_hal_i2c.o
 .text.I2C_WaitOnTXEFlagUntilTimeout
                0x08000fcc       0x4c Drivers\STM32F4xx_HAL_Driver\Src\stm32f4xx_hal_i2c.o
 .text.I2C_RequestMemoryRead
                0x08001018       0xf4 Drivers\STM32F4xx_HAL_Driver\Src\stm32f4xx_hal_i2c.o
 .text.I2C_WaitOnRXNEFlagUntilTimeout
                0x0800110c       0x5a Drivers\STM32F4xx_HAL_Driver\Src\stm32f4xx_hal_i2c.o
 *fill*         0x08001166        0x2 
 .text.HAL_I2C_Init
                0x08001168       0xdc Drivers\STM32F4xx_HAL_Driver\Src\stm32f4xx_hal_i2c.o
                0x08001168                HAL_I2C_Init
 .text.HAL_I2C_Mem_Read
                0x08001244      0x220 Drivers\STM32F4xx_HAL_Driver\Src\stm32f4xx_hal_i2c.o
                0x08001244                HAL_I2C_Mem_Read
 .text.HAL_I2C_MasterTxCpltCallback
                0x08001464        0x2 Drivers\STM32F4xx_HAL_Driver\Src\stm32f4xx_hal_i2c.o
                0x08001464                HAL_I2C_MasterTxCpltCallback
 .text.HAL_I2C_MasterRxCpltCallback
                0x08001466        0x2 Drivers\STM32F4xx_HAL_Driver\Src\stm32f4xx_hal_i2c.o
                0x08001466                HAL_I2C_MasterRxCpltCallback
 .text.HAL_I2C_SlaveTxCpltCallback
                0x08001468        0x2 Drivers\STM32F4xx_HAL_Driver\Src\stm32f4xx_hal_i2c.o
                0x08001468                HAL_I2C_SlaveTxCpltCallback
 .text.HAL_I2C_SlaveRxCpltCallback
                0x0800146a        0x2 Drivers\STM32F4xx_HAL_Driver\Src\stm32f4xx_hal_i2c.o
                0x0800146a                HAL_I2C_SlaveRxCpltCallback
 .text.HAL_I2C_AddrCallback
                0x0800146c        0x2 Drivers\STM32F4xx_HAL_Driver\Src\stm32f4xx_hal_i2c.o
                0x0800146c                HAL_I2C_AddrCallback
 .text.HAL_I2C_ListenCpltCallback
                0x0800146e        0x2 Drivers\STM32F4xx_HAL_Driver\Src\stm32f4xx_hal_i2c.o
                0x0800146e                HAL_I2C_ListenCpltCallback
 .text.HAL_I2C_MemTxCpltCallback
                0x08001470        0x2 Drivers\STM32F4xx_HAL_Driver\Src\stm32f4xx_hal_i2c.o
                0x08001470                HAL_I2C_MemTxCpltCallback
 .text.HAL_I2C_MemRxCpltCallback
                0x08001472        0x2 Drivers\STM32F4xx_HAL_Driver\Src\stm32f4xx_hal_i2c.o
                0x08001472                HAL_I2C_MemRxCpltCallback
 .text.HAL_I2C_ErrorCallback
                0x08001474        0x2 Drivers\STM32F4xx_HAL_Driver\Src\stm32f4xx_hal_i2c.o
                0x08001474                HAL_I2C_ErrorCallback
 .text.HAL_I2C_AbortCpltCallback
                0x08001476        0x2 Drivers\STM32F4xx_HAL_Driver\Src\stm32f4xx_hal_i2c.o
                0x08001476                HAL_I2C_AbortCpltCallback
 .text.I2C_ITError
                0x08001478      0x128 Drivers\STM32F4xx_HAL_Driver\Src\stm32f4xx_hal_i2c.o
 .text.HAL_I2C_EV_IRQHandler
                0x080015a0      0x6d4 Drivers\STM32F4xx_HAL_Driver\Src\stm32f4xx_hal_i2c.o
                0x080015a0                HAL_I2C_EV_IRQHandler
 .text.HAL_I2C_ER_IRQHandler
                0x08001c74      0x134 Drivers\STM32F4xx_HAL_Driver\Src\stm32f4xx_hal_i2c.o
                0x08001c74                HAL_I2C_ER_IRQHandler
 .text.I2C_DMAAbort
                0x08001da8       0x4c Drivers\STM32F4xx_HAL_Driver\Src\stm32f4xx_hal_i2c.o
 .text.HAL_RCC_OscConfig
                0x08001df4      0x304 Drivers\STM32F4xx_HAL_Driver\Src\stm32f4xx_hal_rcc.o
                0x08001df4                HAL_RCC_OscConfig
 .text.HAL_RCC_GetSysClockFreq
                0x080020f8       0x5c Drivers\STM32F4xx_HAL_Driver\Src\stm32f4xx_hal_rcc.o
                0x080020f8                HAL_RCC_GetSysClockFreq
 .text.HAL_RCC_ClockConfig
                0x08002154      0x134 Drivers\STM32F4xx_HAL_Driver\Src\stm32f4xx_hal_rcc.o
                0x08002154                HAL_RCC_ClockConfig
 .text.HAL_RCC_GetHCLKFreq
                0x08002288        0xc Drivers\STM32F4xx_HAL_Driver\Src\stm32f4xx_hal_rcc.o
                0x08002288                HAL_RCC_GetHCLKFreq
 .text.HAL_RCC_GetPCLK1Freq
                0x08002294       0x20 Drivers\STM32F4xx_HAL_Driver\Src\stm32f4xx_hal_rcc.o
                0x08002294                HAL_RCC_GetPCLK1Freq
 .text.HAL_RCC_GetPCLK2Freq
                0x080022b4       0x20 Drivers\STM32F4xx_HAL_Driver\Src\stm32f4xx_hal_rcc.o
                0x080022b4                HAL_RCC_GetPCLK2Freq
 .text.TIM_OC1_SetConfig
                0x080022d4       0x58 Drivers\STM32F4xx_HAL_Driver\Src\stm32f4xx_hal_tim.o
 .text.TIM_OC3_SetConfig
                0x0800232c       0x60 Drivers\STM32F4xx_HAL_Driver\Src\stm32f4xx_hal_tim.o
 .text.TIM_OC4_SetConfig
                0x0800238c       0x50 Drivers\STM32F4xx_HAL_Driver\Src\stm32f4xx_hal_tim.o
 .text.HAL_TIM_Base_Start_IT
                0x080023dc       0x16 Drivers\STM32F4xx_HAL_Driver\Src\stm32f4xx_hal_tim.o
                0x080023dc                HAL_TIM_Base_Start_IT
 .text.HAL_TIM_PWM_MspInit
                0x080023f2        0x2 Drivers\STM32F4xx_HAL_Driver\Src\stm32f4xx_hal_tim.o
                0x080023f2                HAL_TIM_PWM_MspInit
 .text.HAL_TIM_ConfigClockSource
                0x080023f4      0x172 Drivers\STM32F4xx_HAL_Driver\Src\stm32f4xx_hal_tim.o
                0x080023f4                HAL_TIM_ConfigClockSource
 .text.HAL_TIM_OC_DelayElapsedCallback
                0x08002566        0x2 Drivers\STM32F4xx_HAL_Driver\Src\stm32f4xx_hal_tim.o
                0x08002566                HAL_TIM_OC_DelayElapsedCallback
 .text.HAL_TIM_IC_CaptureCallback
                0x08002568        0x2 Drivers\STM32F4xx_HAL_Driver\Src\stm32f4xx_hal_tim.o
                0x08002568                HAL_TIM_IC_CaptureCallback
 .text.HAL_TIM_PWM_PulseFinishedCallback
                0x0800256a        0x2 Drivers\STM32F4xx_HAL_Driver\Src\stm32f4xx_hal_tim.o
                0x0800256a                HAL_TIM_PWM_PulseFinishedCallback
 .text.HAL_TIM_TriggerCallback
                0x0800256c        0x2 Drivers\STM32F4xx_HAL_Driver\Src\stm32f4xx_hal_tim.o
                0x0800256c                HAL_TIM_TriggerCallback
 .text.HAL_TIM_IRQHandler
                0x0800256e      0x144 Drivers\STM32F4xx_HAL_Driver\Src\stm32f4xx_hal_tim.o
                0x0800256e                HAL_TIM_IRQHandler
 *fill*         0x080026b2        0x2 
 .text.TIM_Base_SetConfig
                0x080026b4       0xc8 Drivers\STM32F4xx_HAL_Driver\Src\stm32f4xx_hal_tim.o
                0x080026b4                TIM_Base_SetConfig
 .text.HAL_TIM_Base_Init
                0x0800277c       0x34 Drivers\STM32F4xx_HAL_Driver\Src\stm32f4xx_hal_tim.o
                0x0800277c                HAL_TIM_Base_Init
 .text.HAL_TIM_PWM_Init
                0x080027b0       0x34 Drivers\STM32F4xx_HAL_Driver\Src\stm32f4xx_hal_tim.o
                0x080027b0                HAL_TIM_PWM_Init
 .text.TIM_OC2_SetConfig
                0x080027e4       0x60 Drivers\STM32F4xx_HAL_Driver\Src\stm32f4xx_hal_tim.o
                0x080027e4                TIM_OC2_SetConfig
 .text.HAL_TIM_PWM_ConfigChannel
                0x08002844       0xc4 Drivers\STM32F4xx_HAL_Driver\Src\stm32f4xx_hal_tim.o
                0x08002844                HAL_TIM_PWM_ConfigChannel
 .text.TIM_CCxChannelCmd
                0x08002908       0x18 Drivers\STM32F4xx_HAL_Driver\Src\stm32f4xx_hal_tim.o
                0x08002908                TIM_CCxChannelCmd
 .text.HAL_TIM_PWM_Start
                0x08002920       0x34 Drivers\STM32F4xx_HAL_Driver\Src\stm32f4xx_hal_tim.o
                0x08002920                HAL_TIM_PWM_Start
 .text.HAL_TIMEx_MasterConfigSynchronization
                0x08002954       0x44 Drivers\STM32F4xx_HAL_Driver\Src\stm32f4xx_hal_tim_ex.o
                0x08002954                HAL_TIMEx_MasterConfigSynchronization
 .text.HAL_TIMEx_ConfigBreakDeadTime
                0x08002998       0x4c Drivers\STM32F4xx_HAL_Driver\Src\stm32f4xx_hal_tim_ex.o
                0x08002998                HAL_TIMEx_ConfigBreakDeadTime
 .text.HAL_TIMEx_CommutationCallback
                0x080029e4        0x2 Drivers\STM32F4xx_HAL_Driver\Src\stm32f4xx_hal_tim_ex.o
                0x080029e4                HAL_TIMEx_CommutationCallback
 .text.HAL_TIMEx_BreakCallback
                0x080029e6        0x2 Drivers\STM32F4xx_HAL_Driver\Src\stm32f4xx_hal_tim_ex.o
                0x080029e6                HAL_TIMEx_BreakCallback
 .text.USART_EndRxTransfer
                0x080029e8       0x1a Drivers\STM32F4xx_HAL_Driver\Src\stm32f4xx_hal_usart.o
 *fill*         0x08002a02        0x2 
 .text.HAL_USART_Init
                0x08002a04      0x130 Drivers\STM32F4xx_HAL_Driver\Src\stm32f4xx_hal_usart.o
                0x08002a04                HAL_USART_Init
 .text.HAL_USART_TxCpltCallback
                0x08002b34        0x2 Drivers\STM32F4xx_HAL_Driver\Src\stm32f4xx_hal_usart.o
                0x08002b34                HAL_USART_TxCpltCallback
 .text.HAL_USART_RxCpltCallback
                0x08002b36        0x2 Drivers\STM32F4xx_HAL_Driver\Src\stm32f4xx_hal_usart.o
                0x08002b36                HAL_USART_RxCpltCallback
 .text.USART_Receive_IT
                0x08002b38       0x9c Drivers\STM32F4xx_HAL_Driver\Src\stm32f4xx_hal_usart.o
 .text.HAL_USART_TxRxCpltCallback
                0x08002bd4        0x2 Drivers\STM32F4xx_HAL_Driver\Src\stm32f4xx_hal_usart.o
                0x08002bd4                HAL_USART_TxRxCpltCallback
 .text.USART_TransmitReceive_IT
                0x08002bd6       0xda Drivers\STM32F4xx_HAL_Driver\Src\stm32f4xx_hal_usart.o
 .text.HAL_USART_ErrorCallback
                0x08002cb0        0x2 Drivers\STM32F4xx_HAL_Driver\Src\stm32f4xx_hal_usart.o
                0x08002cb0                HAL_USART_ErrorCallback
 *fill*         0x08002cb2        0x2 
 .text.HAL_USART_IRQHandler
                0x08002cb4      0x170 Drivers\STM32F4xx_HAL_Driver\Src\stm32f4xx_hal_usart.o
                0x08002cb4                HAL_USART_IRQHandler
 .text.USART_DMAAbortOnError
                0x08002e24       0x10 Drivers\STM32F4xx_HAL_Driver\Src\stm32f4xx_hal_usart.o
 .text.i2cRead  0x08002e34       0x38 Src\MPU6050.o
                0x08002e34                i2cRead
 .text.MPU6050_ReadAll
                0x08002e6c      0x158 Src\MPU6050.o
                0x08002e6c                MPU6050_ReadAll
 .text.MX_ADC1_Init
                0x08002fc4       0x60 Src\adc.o
                0x08002fc4                MX_ADC1_Init
 .text.MX_ADC2_Init
                0x08003024       0x64 Src\adc.o
                0x08003024                MX_ADC2_Init
 .text.HAL_ADC_MspInit
                0x08003088       0x7c Src\adc.o
                0x08003088                HAL_ADC_MspInit
 .text.MX_DMA_Init
                0x08003104       0x64 Src\dma.o
                0x08003104                MX_DMA_Init
 .text.MX_GPIO_Init
                0x08003168      0x134 Src\gpio.o
                0x08003168                MX_GPIO_Init
 .text.MX_I2C1_Init
                0x0800329c       0x48 Src\i2c.o
                0x0800329c                MX_I2C1_Init
 .text.MX_I2C2_Init
                0x080032e4       0x48 Src\i2c.o
                0x080032e4                MX_I2C2_Init
 .text.HAL_I2C_MspInit
                0x0800332c      0x1d0 Src\i2c.o
                0x0800332c                HAL_I2C_MspInit
 .text.HAL_TIM_PeriodElapsedCallback
                0x080034fc       0x98 Src\main.o
                0x080034fc                HAL_TIM_PeriodElapsedCallback
 .text.SystemClock_Config
                0x08003594       0xa8 Src\main.o
                0x08003594                SystemClock_Config
 .text.startup.main
                0x0800363c       0xac Src\main.o
                0x0800363c                main
 .text._Error_Handler
                0x080036e8        0x2 Src\main.o
                0x080036e8                _Error_Handler
 *fill*         0x080036ea        0x2 
 .text.HAL_MspInit
                0x080036ec       0x90 Src\stm32f4xx_hal_msp.o
                0x080036ec                HAL_MspInit
 .text.NMI_Handler
                0x0800377c        0x2 Src\stm32f4xx_it.o
                0x0800377c                NMI_Handler
 .text.HardFault_Handler
                0x0800377e        0x2 Src\stm32f4xx_it.o
                0x0800377e                HardFault_Handler
 .text.MemManage_Handler
                0x08003780        0x2 Src\stm32f4xx_it.o
                0x08003780                MemManage_Handler
 .text.BusFault_Handler
                0x08003782        0x2 Src\stm32f4xx_it.o
                0x08003782                BusFault_Handler
 .text.UsageFault_Handler
                0x08003784        0x2 Src\stm32f4xx_it.o
                0x08003784                UsageFault_Handler
 .text.SVC_Handler
                0x08003786        0x2 Src\stm32f4xx_it.o
                0x08003786                SVC_Handler
 .text.DebugMon_Handler
                0x08003788        0x2 Src\stm32f4xx_it.o
                0x08003788                DebugMon_Handler
 .text.PendSV_Handler
                0x0800378a        0x2 Src\stm32f4xx_it.o
                0x0800378a                PendSV_Handler
 .text.SysTick_Handler
                0x0800378c        0xe Src\stm32f4xx_it.o
                0x0800378c                SysTick_Handler
 *fill*         0x0800379a        0x2 
 .text.DMA1_Stream0_IRQHandler
                0x0800379c        0xc Src\stm32f4xx_it.o
                0x0800379c                DMA1_Stream0_IRQHandler
 .text.DMA1_Stream2_IRQHandler
                0x080037a8        0xc Src\stm32f4xx_it.o
                0x080037a8                DMA1_Stream2_IRQHandler
 .text.DMA1_Stream6_IRQHandler
                0x080037b4        0xc Src\stm32f4xx_it.o
                0x080037b4                DMA1_Stream6_IRQHandler
 .text.ADC_IRQHandler
                0x080037c0       0x1c Src\stm32f4xx_it.o
                0x080037c0                ADC_IRQHandler
 .text.TIM1_UP_TIM10_IRQHandler
                0x080037dc       0x1c Src\stm32f4xx_it.o
                0x080037dc                TIM1_UP_TIM10_IRQHandler
 .text.I2C1_EV_IRQHandler
                0x080037f8        0xc Src\stm32f4xx_it.o
                0x080037f8                I2C1_EV_IRQHandler
 .text.I2C1_ER_IRQHandler
                0x08003804        0xc Src\stm32f4xx_it.o
                0x08003804                I2C1_ER_IRQHandler
 .text.I2C2_EV_IRQHandler
                0x08003810        0xc Src\stm32f4xx_it.o
                0x08003810                I2C2_EV_IRQHandler
 .text.I2C2_ER_IRQHandler
                0x0800381c        0xc Src\stm32f4xx_it.o
                0x0800381c                I2C2_ER_IRQHandler
 .text.USART3_IRQHandler
                0x08003828        0xc Src\stm32f4xx_it.o
                0x08003828                USART3_IRQHandler
 .text.DMA1_Stream7_IRQHandler
                0x08003834        0xc Src\stm32f4xx_it.o
                0x08003834                DMA1_Stream7_IRQHandler
 .text.SystemInit
                0x08003840       0x4c Src\system_stm32f4xx.o
                0x08003840                SystemInit
 .text.MX_TIM10_Init
                0x0800388c       0x38 Src\tim.o
                0x0800388c                MX_TIM10_Init
 .text.HAL_TIM_Base_MspInit
                0x080038c4       0xac Src\tim.o
                0x080038c4                HAL_TIM_Base_MspInit
 .text.HAL_TIM_MspPostInit
                0x08003970       0x9c Src\tim.o
                0x08003970                HAL_TIM_MspPostInit
 .text.MX_TIM1_Init
                0x08003a0c       0xf8 Src\tim.o
                0x08003a0c                MX_TIM1_Init
 .text.MX_TIM3_Init
                0x08003b04       0xc8 Src\tim.o
                0x08003b04                MX_TIM3_Init
 .text.MX_TIM4_Init
                0x08003bcc       0xc8 Src\tim.o
                0x08003bcc                MX_TIM4_Init
 .text.MX_USART3_Init
                0x08003c94       0x40 Src\usart.o
                0x08003c94                MX_USART3_Init
 .text.HAL_USART_MspInit
                0x08003cd4       0x78 Src\usart.o
                0x08003cd4                HAL_USART_MspInit
 .text.Reset_Handler
                0x08003d4c       0x50 startup\startup_stm32f407xx.o
                0x08003d4c                Reset_Handler
 .text.Default_Handler
                0x08003d9c        0x2 startup\startup_stm32f407xx.o
                0x08003d9c                RTC_Alarm_IRQHandler
                0x08003d9c                HASH_RNG_IRQHandler
                0x08003d9c                EXTI2_IRQHandler
                0x08003d9c                TIM8_CC_IRQHandler
                0x08003d9c                TIM1_CC_IRQHandler
                0x08003d9c                DMA2_Stream5_IRQHandler
                0x08003d9c                DMA1_Stream5_IRQHandler
                0x08003d9c                PVD_IRQHandler
                0x08003d9c                SDIO_IRQHandler
                0x08003d9c                TAMP_STAMP_IRQHandler
                0x08003d9c                CAN2_RX1_IRQHandler
                0x08003d9c                EXTI3_IRQHandler
                0x08003d9c                TIM8_TRG_COM_TIM14_IRQHandler
                0x08003d9c                TIM8_UP_TIM13_IRQHandler
                0x08003d9c                I2C3_ER_IRQHandler
                0x08003d9c                EXTI0_IRQHandler
                0x08003d9c                CAN1_RX0_IRQHandler
                0x08003d9c                FPU_IRQHandler
                0x08003d9c                OTG_HS_WKUP_IRQHandler
                0x08003d9c                CAN2_SCE_IRQHandler
                0x08003d9c                DMA2_Stream2_IRQHandler
                0x08003d9c                SPI1_IRQHandler
                0x08003d9c                TIM6_DAC_IRQHandler
                0x08003d9c                TIM1_BRK_TIM9_IRQHandler
                0x08003d9c                DCMI_IRQHandler
                0x08003d9c                CAN2_RX0_IRQHandler
                0x08003d9c                DMA2_Stream3_IRQHandler
                0x08003d9c                USART6_IRQHandler
                0x08003d9c                CAN1_RX1_IRQHandler
                0x08003d9c                UART5_IRQHandler
                0x08003d9c                DMA2_Stream0_IRQHandler
                0x08003d9c                TIM4_IRQHandler
                0x08003d9c                DMA1_Stream1_IRQHandler
                0x08003d9c                UART4_IRQHandler
                0x08003d9c                TIM3_IRQHandler
                0x08003d9c                RCC_IRQHandler
                0x08003d9c                TIM8_BRK_TIM12_IRQHandler
                0x08003d9c                Default_Handler
                0x08003d9c                EXTI15_10_IRQHandler
                0x08003d9c                TIM7_IRQHandler
                0x08003d9c                CAN2_TX_IRQHandler
                0x08003d9c                TIM5_IRQHandler
                0x08003d9c                DMA2_Stream7_IRQHandler
                0x08003d9c                I2C3_EV_IRQHandler
                0x08003d9c                EXTI9_5_IRQHandler
                0x08003d9c                RTC_WKUP_IRQHandler
                0x08003d9c                ETH_WKUP_IRQHandler
                0x08003d9c                SPI2_IRQHandler
                0x08003d9c                OTG_HS_EP1_IN_IRQHandler
                0x08003d9c                CAN1_TX_IRQHandler
                0x08003d9c                EXTI4_IRQHandler
                0x08003d9c                FSMC_IRQHandler
                0x08003d9c                ETH_IRQHandler
                0x08003d9c                OTG_HS_EP1_OUT_IRQHandler
                0x08003d9c                WWDG_IRQHandler
                0x08003d9c                TIM2_IRQHandler
                0x08003d9c                OTG_FS_WKUP_IRQHandler
                0x08003d9c                TIM1_TRG_COM_TIM11_IRQHandler
                0x08003d9c                OTG_HS_IRQHandler
                0x08003d9c                EXTI1_IRQHandler
                0x08003d9c                USART2_IRQHandler
                0x08003d9c                DMA2_Stream1_IRQHandler
                0x08003d9c                CAN1_SCE_IRQHandler
                0x08003d9c                FLASH_IRQHandler
                0x08003d9c                DMA2_Stream4_IRQHandler
                0x08003d9c                USART1_IRQHandler
                0x08003d9c                OTG_FS_IRQHandler
                0x08003d9c                SPI3_IRQHandler
                0x08003d9c                DMA1_Stream4_IRQHandler
                0x08003d9c                DMA2_Stream6_IRQHandler
                0x08003d9c                DMA1_Stream3_IRQHandler
 *fill*         0x08003d9e        0x2 
 .text.__libc_init_array
                0x08003da0       0x48 c:/program files (x86)/atollic/truestudio for stm32 9.1.0/armtools/bin/../lib/gcc/arm-atollic-eabi/6.3.1/../../../../arm-atollic-eabi/lib/armv7e-m/fpu\libc_nano.a(lib_a-init.o)
                0x08003da0                __libc_init_array
 *(.glue_7)
 .glue_7        0x08003de8        0x0 linker stubs
 *(.glue_7t)
 .glue_7t       0x08003de8        0x0 linker stubs
 *(.eh_frame)
 .eh_frame      0x08003de8        0x0 c:/program files (x86)/atollic/truestudio for stm32 9.1.0/armtools/bin/../lib/gcc/arm-atollic-eabi/6.3.1/armv7e-m/fpu/crtbegin.o
 *(.init)
 .init          0x08003de8        0x4 c:/program files (x86)/atollic/truestudio for stm32 9.1.0/armtools/bin/../lib/gcc/arm-atollic-eabi/6.3.1/armv7e-m/fpu/crti.o
                0x08003de8                _init
 .init          0x08003dec        0x8 c:/program files (x86)/atollic/truestudio for stm32 9.1.0/armtools/bin/../lib/gcc/arm-atollic-eabi/6.3.1/armv7e-m/fpu/crtn.o
 *(.fini)
 .fini          0x08003df4        0x4 c:/program files (x86)/atollic/truestudio for stm32 9.1.0/armtools/bin/../lib/gcc/arm-atollic-eabi/6.3.1/armv7e-m/fpu/crti.o
                0x08003df4                _fini
 .fini          0x08003df8        0x8 c:/program files (x86)/atollic/truestudio for stm32 9.1.0/armtools/bin/../lib/gcc/arm-atollic-eabi/6.3.1/armv7e-m/fpu/crtn.o
                0x08003e00                . = ALIGN (0x4)
                0x08003e00                _etext = .

.vfp11_veneer   0x08003e00        0x0
 .vfp11_veneer  0x08003e00        0x0 linker stubs

.v4_bx          0x08003e00        0x0
 .v4_bx         0x08003e00        0x0 linker stubs

.iplt           0x08003e00        0x0
 .iplt          0x08003e00        0x0 c:/program files (x86)/atollic/truestudio for stm32 9.1.0/armtools/bin/../lib/gcc/arm-atollic-eabi/6.3.1/armv7e-m/fpu/crtbegin.o

.rodata         0x08003e00       0x58
                0x08003e00                . = ALIGN (0x4)
 *(.rodata)
 *(.rodata*)
 .rodata.flagBitshiftOffset.9170
                0x08003e00        0x8 Drivers\STM32F4xx_HAL_Driver\Src\stm32f4xx_hal_dma.o
 .rodata.MX_ADC1_Init.str1.1
                0x08003e08        0xd Src\adc.o
 .rodata.MX_I2C1_Init.str1.1
                0x08003e15        0xd Src\i2c.o
 .rodata.AHBPrescTable
                0x08003e22       0x10 Src\system_stm32f4xx.o
                0x08003e22                AHBPrescTable
 .rodata.APBPrescTable
                0x08003e32        0x8 Src\system_stm32f4xx.o
                0x08003e32                APBPrescTable
 .rodata.MX_TIM10_Init.str1.1
                0x08003e3a        0xd Src\tim.o
 .rodata.MX_USART3_Init.str1.1
                0x08003e47        0xf Src\usart.o
                0x08003e58                . = ALIGN (0x4)
 *fill*         0x08003e56        0x2 

.ARM.extab
 *(.ARM.extab* .gnu.linkonce.armextab.*)

.ARM            0x08003e58        0x8
                0x08003e58                __exidx_start = .
 *(.ARM.exidx*)
 .ARM.exidx     0x08003e58        0x8 c:/program files (x86)/atollic/truestudio for stm32 9.1.0/armtools/bin/../lib/gcc/arm-atollic-eabi/6.3.1/armv7e-m/fpu\libgcc.a(_udivmoddi4.o)
                0x08003e60                __exidx_end = .

.rel.dyn        0x08003e60        0x0
 .rel.iplt      0x08003e60        0x0 c:/program files (x86)/atollic/truestudio for stm32 9.1.0/armtools/bin/../lib/gcc/arm-atollic-eabi/6.3.1/armv7e-m/fpu/crtbegin.o

.preinit_array  0x08003e60        0x0
                0x08003e60                PROVIDE (__preinit_array_start, .)
 *(.preinit_array*)
                0x08003e60                PROVIDE (__preinit_array_end, .)

.init_array     0x08003e60        0x4
                0x08003e60                PROVIDE (__init_array_start, .)
 *(SORT(.init_array.*))
 *(.init_array*)
 .init_array    0x08003e60        0x4 c:/program files (x86)/atollic/truestudio for stm32 9.1.0/armtools/bin/../lib/gcc/arm-atollic-eabi/6.3.1/armv7e-m/fpu/crtbegin.o
                0x08003e64                PROVIDE (__init_array_end, .)

.fini_array     0x08003e64        0x4
                [!provide]                PROVIDE (__fini_array_start, .)
 *(SORT(.fini_array.*))
 *(.fini_array*)
 .fini_array    0x08003e64        0x4 c:/program files (x86)/atollic/truestudio for stm32 9.1.0/armtools/bin/../lib/gcc/arm-atollic-eabi/6.3.1/armv7e-m/fpu/crtbegin.o
                [!provide]                PROVIDE (__fini_array_end, .)
                0x08003e68                _sidata = LOADADDR (.data)

.data           0x20000000       0x10 load address 0x08003e68
                0x20000000                . = ALIGN (0x4)
                0x20000000                _sdata = .
 *(.data)
 *(.data*)
 .data.uwTickFreq
                0x20000000        0x1 Drivers\STM32F4xx_HAL_Driver\Src\stm32f4xx_hal.o
                0x20000000                uwTickFreq
 *fill*         0x20000001        0x3 
 .data.uwTickPrio
                0x20000004        0x4 Drivers\STM32F4xx_HAL_Driver\Src\stm32f4xx_hal.o
                0x20000004                uwTickPrio
 .data.flag     0x20000008        0x4 Src\MPU6050.o
                0x20000008                flag
 .data.SystemCoreClock
                0x2000000c        0x4 Src\system_stm32f4xx.o
                0x2000000c                SystemCoreClock
                0x20000010                . = ALIGN (0x4)
                0x20000010                _edata = .
                0x08003e78                _siccmram = LOADADDR (.ccmram)

.igot.plt       0x20000010        0x0 load address 0x08003e78
 .igot.plt      0x20000010        0x0 c:/program files (x86)/atollic/truestudio for stm32 9.1.0/armtools/bin/../lib/gcc/arm-atollic-eabi/6.3.1/armv7e-m/fpu/crtbegin.o

.ccmram         0x10000000        0x0 load address 0x08003e78
                0x10000000                . = ALIGN (0x4)
                0x10000000                _sccmram = .
 *(.ccmram)
 *(.ccmram*)
                0x10000000                . = ALIGN (0x4)
                0x10000000                _eccmram = .
                0x10000000                . = ALIGN (0x4)

.bss            0x20000010      0x524
                0x20000010                _sbss = .
                0x20000010                __bss_start__ = _sbss
 *(.bss)
 .bss           0x20000010       0x1c c:/program files (x86)/atollic/truestudio for stm32 9.1.0/armtools/bin/../lib/gcc/arm-atollic-eabi/6.3.1/armv7e-m/fpu/crtbegin.o
 *(.bss*)
 .bss.Gyro_offset
                0x2000002c        0xc Src\MPU6050.o
                0x2000002c                Gyro_offset
 .bss.iscalibrated
                0x20000038        0x4 Src\MPU6050.o
                0x20000038                iscalibrated
 .bss.deg0      0x2000003c        0x4 Src\main.o
                0x2000003c                deg0
 *(COMMON)
 COMMON         0x20000040        0x4 Drivers\STM32F4xx_HAL_Driver\Src\stm32f4xx_hal.o
                0x20000040                uwTick
 COMMON         0x20000044       0xb4 Src\BLDC.o
                0x20000044                bldc2
                0x20000080                bldc3
                0x200000bc                bldc1
 COMMON         0x200000f8       0x15 Src\MPU6050.o
                0x200000f8                calib_count
                0x200000fc                ref
                0x2000010a                buffer
                0x2000010c                status
 *fill*         0x2000010d        0x3 
 COMMON         0x20000110       0x90 Src\adc.o
                0x20000110                hadc2
                0x20000158                hadc1
 COMMON         0x200001a0      0x228 Src\i2c.o
                0x200001a0                hdma_i2c1_tx
                0x20000200                hi2c1
                0x20000254                hi2c2
                0x200002a8                hdma_i2c2_rx
                0x20000308                hdma_i2c2_tx
                0x20000368                hdma_i2c1_rx
 COMMON         0x200003c8       0x38 Src\main.o
                0x200003c8                out2
                0x200003cc                out
                0x200003d0                dutyc
                0x200003d4                dutyb
                0x200003d8                mpu
                0x200003fc                dutya
 COMMON         0x20000400       0xf0 Src\tim.o
                0x20000400                htim4
                0x2000043c                htim10
                0x20000478                htim3
                0x200004b4                htim1
 COMMON         0x200004f0       0x44 Src\usart.o
                0x200004f0                husart3
                0x20000534                . = ALIGN (0x4)
                0x20000534                _ebss = .
                0x20000534                __bss_end__ = _ebss

._user_heap_stack
                0x20000534      0x600
                0x20000534                . = ALIGN (0x4)
                [!provide]                PROVIDE (end, .)
                [!provide]                PROVIDE (_end, .)
                0x20000734                . = (. + _Min_Heap_Size)
 *fill*         0x20000534      0x200 
                0x20000b34                . = (. + _Min_Stack_Size)
 *fill*         0x20000734      0x400 
                0x20000b34                . = ALIGN (0x4)

/DISCARD/
 libc.a(*)
 libm.a(*)
 libgcc.a(*)

.ARM.attributes
                0x00000000       0x30
 *(.ARM.attributes)
 .ARM.attributes
                0x00000000       0x22 c:/program files (x86)/atollic/truestudio for stm32 9.1.0/armtools/bin/../lib/gcc/arm-atollic-eabi/6.3.1/armv7e-m/fpu/crti.o
 .ARM.attributes
                0x00000022       0x34 c:/program files (x86)/atollic/truestudio for stm32 9.1.0/armtools/bin/../lib/gcc/arm-atollic-eabi/6.3.1/armv7e-m/fpu/crtbegin.o
 .ARM.attributes
                0x00000056       0x39 Drivers\STM32F4xx_HAL_Driver\Src\stm32f4xx_hal.o
 .ARM.attributes
                0x0000008f       0x39 Drivers\STM32F4xx_HAL_Driver\Src\stm32f4xx_hal_adc.o
 .ARM.attributes
                0x000000c8       0x39 Drivers\STM32F4xx_HAL_Driver\Src\stm32f4xx_hal_adc_ex.o
 .ARM.attributes
                0x00000101       0x39 Drivers\STM32F4xx_HAL_Driver\Src\stm32f4xx_hal_cortex.o
 .ARM.attributes
                0x0000013a       0x39 Drivers\STM32F4xx_HAL_Driver\Src\stm32f4xx_hal_dma.o
 .ARM.attributes
                0x00000173       0x39 Drivers\STM32F4xx_HAL_Driver\Src\stm32f4xx_hal_gpio.o
 .ARM.attributes
                0x000001ac       0x39 Drivers\STM32F4xx_HAL_Driver\Src\stm32f4xx_hal_i2c.o
 .ARM.attributes
                0x000001e5       0x39 Drivers\STM32F4xx_HAL_Driver\Src\stm32f4xx_hal_rcc.o
 .ARM.attributes
                0x0000021e       0x39 Drivers\STM32F4xx_HAL_Driver\Src\stm32f4xx_hal_tim.o
 .ARM.attributes
                0x00000257       0x39 Drivers\STM32F4xx_HAL_Driver\Src\stm32f4xx_hal_tim_ex.o
 .ARM.attributes
                0x00000290       0x39 Drivers\STM32F4xx_HAL_Driver\Src\stm32f4xx_hal_usart.o
 .ARM.attributes
                0x000002c9       0x39 Src\BLDC.o
 .ARM.attributes
                0x00000302       0x39 Src\MPU6050.o
 .ARM.attributes
                0x0000033b       0x39 Src\adc.o
 .ARM.attributes
                0x00000374       0x39 Src\dma.o
 .ARM.attributes
                0x000003ad       0x39 Src\gpio.o
 .ARM.attributes
                0x000003e6       0x39 Src\i2c.o
 .ARM.attributes
                0x0000041f       0x39 Src\main.o
 .ARM.attributes
                0x00000458       0x39 Src\stm32f4xx_hal_msp.o
 .ARM.attributes
                0x00000491       0x39 Src\stm32f4xx_it.o
 .ARM.attributes
                0x000004ca       0x39 Src\system_stm32f4xx.o
 .ARM.attributes
                0x00000503       0x39 Src\tim.o
 .ARM.attributes
                0x0000053c       0x39 Src\usart.o
 .ARM.attributes
                0x00000575       0x21 startup\startup_stm32f407xx.o
 .ARM.attributes
                0x00000596       0x34 c:/program files (x86)/atollic/truestudio for stm32 9.1.0/armtools/bin/../lib/gcc/arm-atollic-eabi/6.3.1/../../../../arm-atollic-eabi/lib/armv7e-m/fpu\libc_nano.a(lib_a-init.o)
 .ARM.attributes
                0x000005ca       0x22 c:/program files (x86)/atollic/truestudio for stm32 9.1.0/armtools/bin/../lib/gcc/arm-atollic-eabi/6.3.1/armv7e-m/fpu\libgcc.a(_aeabi_uldivmod.o)
 .ARM.attributes
                0x000005ec       0x34 c:/program files (x86)/atollic/truestudio for stm32 9.1.0/armtools/bin/../lib/gcc/arm-atollic-eabi/6.3.1/armv7e-m/fpu\libgcc.a(_udivmoddi4.o)
 .ARM.attributes
                0x00000620       0x22 c:/program files (x86)/atollic/truestudio for stm32 9.1.0/armtools/bin/../lib/gcc/arm-atollic-eabi/6.3.1/armv7e-m/fpu\libgcc.a(_dvmd_tls.o)
 .ARM.attributes
                0x00000642       0x22 c:/program files (x86)/atollic/truestudio for stm32 9.1.0/armtools/bin/../lib/gcc/arm-atollic-eabi/6.3.1/armv7e-m/fpu/crtn.o
OUTPUT(final.elf elf32-littlearm)

.debug_info     0x00000000    0x2290d
 .debug_info    0x00000000     0x11ec Drivers\STM32F4xx_HAL_Driver\Src\stm32f4xx_hal.o
 .debug_info    0x000011ec     0x15ad Drivers\STM32F4xx_HAL_Driver\Src\stm32f4xx_hal_adc.o
 .debug_info    0x00002799     0x13dd Drivers\STM32F4xx_HAL_Driver\Src\stm32f4xx_hal_adc_ex.o
 .debug_info    0x00003b76     0x1744 Drivers\STM32F4xx_HAL_Driver\Src\stm32f4xx_hal_cortex.o
 .debug_info    0x000052ba     0x125c Drivers\STM32F4xx_HAL_Driver\Src\stm32f4xx_hal_dma.o
 .debug_info    0x00006516      0xf88 Drivers\STM32F4xx_HAL_Driver\Src\stm32f4xx_hal_gpio.o
 .debug_info    0x0000749e     0x378c Drivers\STM32F4xx_HAL_Driver\Src\stm32f4xx_hal_i2c.o
 .debug_info    0x0000ac2a     0x1269 Drivers\STM32F4xx_HAL_Driver\Src\stm32f4xx_hal_rcc.o
 .debug_info    0x0000be93     0x3ba2 Drivers\STM32F4xx_HAL_Driver\Src\stm32f4xx_hal_tim.o
 .debug_info    0x0000fa35     0x19a5 Drivers\STM32F4xx_HAL_Driver\Src\stm32f4xx_hal_tim_ex.o
 .debug_info    0x000113da     0x1d7b Drivers\STM32F4xx_HAL_Driver\Src\stm32f4xx_hal_usart.o
 .debug_info    0x00013155     0x14c9 Src\BLDC.o
 .debug_info    0x0001461e     0x14b9 Src\MPU6050.o
 .debug_info    0x00015ad7     0x157e Src\adc.o
 .debug_info    0x00017055      0xe0e Src\dma.o
 .debug_info    0x00017e63      0xddb Src\gpio.o
 .debug_info    0x00018c3e     0x1722 Src\i2c.o
 .debug_info    0x0001a360     0x2120 Src\main.o
 .debug_info    0x0001c480      0xe53 Src\stm32f4xx_hal_msp.o
 .debug_info    0x0001d2d3     0x1758 Src\stm32f4xx_it.o
 .debug_info    0x0001ea2b      0xd1c Src\system_stm32f4xx.o
 .debug_info    0x0001f747     0x1cce Src\tim.o
 .debug_info    0x00021415     0x1448 Src\usart.o
 .debug_info    0x0002285d       0xb0 startup\startup_stm32f407xx.o

.debug_abbrev   0x00000000     0x3f1f
 .debug_abbrev  0x00000000      0x308 Drivers\STM32F4xx_HAL_Driver\Src\stm32f4xx_hal.o
 .debug_abbrev  0x00000308      0x321 Drivers\STM32F4xx_HAL_Driver\Src\stm32f4xx_hal_adc.o
 .debug_abbrev  0x00000629      0x2e6 Drivers\STM32F4xx_HAL_Driver\Src\stm32f4xx_hal_adc_ex.o
 .debug_abbrev  0x0000090f      0x399 Drivers\STM32F4xx_HAL_Driver\Src\stm32f4xx_hal_cortex.o
 .debug_abbrev  0x00000ca8      0x34a Drivers\STM32F4xx_HAL_Driver\Src\stm32f4xx_hal_dma.o
 .debug_abbrev  0x00000ff2      0x268 Drivers\STM32F4xx_HAL_Driver\Src\stm32f4xx_hal_gpio.o
 .debug_abbrev  0x0000125a      0x3b4 Drivers\STM32F4xx_HAL_Driver\Src\stm32f4xx_hal_i2c.o
 .debug_abbrev  0x0000160e      0x353 Drivers\STM32F4xx_HAL_Driver\Src\stm32f4xx_hal_rcc.o
 .debug_abbrev  0x00001961      0x3ac Drivers\STM32F4xx_HAL_Driver\Src\stm32f4xx_hal_tim.o
 .debug_abbrev  0x00001d0d      0x300 Drivers\STM32F4xx_HAL_Driver\Src\stm32f4xx_hal_tim_ex.o
 .debug_abbrev  0x0000200d      0x399 Drivers\STM32F4xx_HAL_Driver\Src\stm32f4xx_hal_usart.o
 .debug_abbrev  0x000023a6      0x2cb Src\BLDC.o
 .debug_abbrev  0x00002671      0x23f Src\MPU6050.o
 .debug_abbrev  0x000028b0      0x232 Src\adc.o
 .debug_abbrev  0x00002ae2      0x1f5 Src\dma.o
 .debug_abbrev  0x00002cd7      0x1f7 Src\gpio.o
 .debug_abbrev  0x00002ece      0x25a Src\i2c.o
 .debug_abbrev  0x00003128      0x2bb Src\main.o
 .debug_abbrev  0x000033e3      0x200 Src\stm32f4xx_hal_msp.o
 .debug_abbrev  0x000035e3      0x24b Src\stm32f4xx_it.o
 .debug_abbrev  0x0000382e      0x1ca Src\system_stm32f4xx.o
 .debug_abbrev  0x000039f8      0x2e5 Src\tim.o
 .debug_abbrev  0x00003cdd      0x230 Src\usart.o
 .debug_abbrev  0x00003f0d       0x12 startup\startup_stm32f407xx.o

.debug_loc      0x00000000     0xa1c9
 .debug_loc     0x00000000      0x11b Drivers\STM32F4xx_HAL_Driver\Src\stm32f4xx_hal.o
 .debug_loc     0x0000011b      0x79c Drivers\STM32F4xx_HAL_Driver\Src\stm32f4xx_hal_adc.o
 .debug_loc     0x000008b7      0x7a8 Drivers\STM32F4xx_HAL_Driver\Src\stm32f4xx_hal_adc_ex.o
 .debug_loc     0x0000105f      0x4fb Drivers\STM32F4xx_HAL_Driver\Src\stm32f4xx_hal_cortex.o
 .debug_loc     0x0000155a      0x727 Drivers\STM32F4xx_HAL_Driver\Src\stm32f4xx_hal_dma.o
 .debug_loc     0x00001c81      0x3cd Drivers\STM32F4xx_HAL_Driver\Src\stm32f4xx_hal_gpio.o
 .debug_loc     0x0000204e     0x2bba Drivers\STM32F4xx_HAL_Driver\Src\stm32f4xx_hal_i2c.o
 .debug_loc     0x00004c08      0x336 Drivers\STM32F4xx_HAL_Driver\Src\stm32f4xx_hal_rcc.o
 .debug_loc     0x00004f3e     0x30b2 Drivers\STM32F4xx_HAL_Driver\Src\stm32f4xx_hal_tim.o
 .debug_loc     0x00007ff0      0x84a Drivers\STM32F4xx_HAL_Driver\Src\stm32f4xx_hal_tim_ex.o
 .debug_loc     0x0000883a     0x11f8 Drivers\STM32F4xx_HAL_Driver\Src\stm32f4xx_hal_usart.o
 .debug_loc     0x00009a32      0x172 Src\BLDC.o
 .debug_loc     0x00009ba4      0x309 Src\MPU6050.o
 .debug_loc     0x00009ead       0x58 Src\adc.o
 .debug_loc     0x00009f05       0x81 Src\i2c.o
 .debug_loc     0x00009f86       0x21 Src\main.o
 .debug_loc     0x00009fa7      0x11c Src\system_stm32f4xx.o
 .debug_loc     0x0000a0c3       0xb9 Src\tim.o
 .debug_loc     0x0000a17c       0x4d Src\usart.o

.debug_aranges  0x00000000      0xd30
 .debug_aranges
                0x00000000       0xd8 Drivers\STM32F4xx_HAL_Driver\Src\stm32f4xx_hal.o
 .debug_aranges
                0x000000d8       0xb8 Drivers\STM32F4xx_HAL_Driver\Src\stm32f4xx_hal_adc.o
 .debug_aranges
                0x00000190       0x90 Drivers\STM32F4xx_HAL_Driver\Src\stm32f4xx_hal_adc_ex.o
 .debug_aranges
                0x00000220       0xa8 Drivers\STM32F4xx_HAL_Driver\Src\stm32f4xx_hal_cortex.o
 .debug_aranges
                0x000002c8       0x80 Drivers\STM32F4xx_HAL_Driver\Src\stm32f4xx_hal_dma.o
 .debug_aranges
                0x00000348       0x58 Drivers\STM32F4xx_HAL_Driver\Src\stm32f4xx_hal_gpio.o
 .debug_aranges
                0x000003a0      0x190 Drivers\STM32F4xx_HAL_Driver\Src\stm32f4xx_hal_i2c.o
 .debug_aranges
                0x00000530       0x88 Drivers\STM32F4xx_HAL_Driver\Src\stm32f4xx_hal_rcc.o
 .debug_aranges
                0x000005b8      0x250 Drivers\STM32F4xx_HAL_Driver\Src\stm32f4xx_hal_tim.o
 .debug_aranges
                0x00000808       0xf0 Drivers\STM32F4xx_HAL_Driver\Src\stm32f4xx_hal_tim_ex.o
 .debug_aranges
                0x000008f8      0x118 Drivers\STM32F4xx_HAL_Driver\Src\stm32f4xx_hal_usart.o
 .debug_aranges
                0x00000a10       0x58 Src\BLDC.o
 .debug_aranges
                0x00000a68       0x50 Src\MPU6050.o
 .debug_aranges
                0x00000ab8       0x38 Src\adc.o
 .debug_aranges
                0x00000af0       0x20 Src\dma.o
 .debug_aranges
                0x00000b10       0x20 Src\gpio.o
 .debug_aranges
                0x00000b30       0x38 Src\i2c.o
 .debug_aranges
                0x00000b68       0x38 Src\main.o
 .debug_aranges
                0x00000ba0       0x20 Src\stm32f4xx_hal_msp.o
 .debug_aranges
                0x00000bc0       0xa0 Src\stm32f4xx_it.o
 .debug_aranges
                0x00000c60       0x28 Src\system_stm32f4xx.o
 .debug_aranges
                0x00000c88       0x50 Src\tim.o
 .debug_aranges
                0x00000cd8       0x30 Src\usart.o
 .debug_aranges
                0x00000d08       0x28 startup\startup_stm32f407xx.o

.debug_ranges   0x00000000     0x1108
 .debug_ranges  0x00000000       0xc8 Drivers\STM32F4xx_HAL_Driver\Src\stm32f4xx_hal.o
 .debug_ranges  0x000000c8       0xc8 Drivers\STM32F4xx_HAL_Driver\Src\stm32f4xx_hal_adc.o
 .debug_ranges  0x00000190       0x80 Drivers\STM32F4xx_HAL_Driver\Src\stm32f4xx_hal_adc_ex.o
 .debug_ranges  0x00000210      0x138 Drivers\STM32F4xx_HAL_Driver\Src\stm32f4xx_hal_cortex.o
 .debug_ranges  0x00000348       0xc8 Drivers\STM32F4xx_HAL_Driver\Src\stm32f4xx_hal_dma.o
 .debug_ranges  0x00000410       0x68 Drivers\STM32F4xx_HAL_Driver\Src\stm32f4xx_hal_gpio.o
 .debug_ranges  0x00000478      0x358 Drivers\STM32F4xx_HAL_Driver\Src\stm32f4xx_hal_i2c.o
 .debug_ranges  0x000007d0       0xb0 Drivers\STM32F4xx_HAL_Driver\Src\stm32f4xx_hal_rcc.o
 .debug_ranges  0x00000880      0x330 Drivers\STM32F4xx_HAL_Driver\Src\stm32f4xx_hal_tim.o
 .debug_ranges  0x00000bb0       0xe0 Drivers\STM32F4xx_HAL_Driver\Src\stm32f4xx_hal_tim_ex.o
 .debug_ranges  0x00000c90      0x158 Drivers\STM32F4xx_HAL_Driver\Src\stm32f4xx_hal_usart.o
 .debug_ranges  0x00000de8       0x48 Src\BLDC.o
 .debug_ranges  0x00000e30       0x40 Src\MPU6050.o
 .debug_ranges  0x00000e70       0x28 Src\adc.o
 .debug_ranges  0x00000e98       0x30 Src\dma.o
 .debug_ranges  0x00000ec8       0x40 Src\gpio.o
 .debug_ranges  0x00000f08       0x68 Src\i2c.o
 .debug_ranges  0x00000f70       0x28 Src\main.o
 .debug_ranges  0x00000f98       0x28 Src\stm32f4xx_hal_msp.o
 .debug_ranges  0x00000fc0       0x90 Src\stm32f4xx_it.o
 .debug_ranges  0x00001050       0x18 Src\system_stm32f4xx.o
 .debug_ranges  0x00001068       0x40 Src\tim.o
 .debug_ranges  0x000010a8       0x40 Src\usart.o
 .debug_ranges  0x000010e8       0x20 startup\startup_stm32f407xx.o

.debug_line     0x00000000     0x8cf4
 .debug_line    0x00000000      0x492 Drivers\STM32F4xx_HAL_Driver\Src\stm32f4xx_hal.o
 .debug_line    0x00000492      0x758 Drivers\STM32F4xx_HAL_Driver\Src\stm32f4xx_hal_adc.o
 .debug_line    0x00000bea      0x631 Drivers\STM32F4xx_HAL_Driver\Src\stm32f4xx_hal_adc_ex.o
 .debug_line    0x0000121b      0x4dc Drivers\STM32F4xx_HAL_Driver\Src\stm32f4xx_hal_cortex.o
 .debug_line    0x000016f7      0x5f7 Drivers\STM32F4xx_HAL_Driver\Src\stm32f4xx_hal_dma.o
 .debug_line    0x00001cee      0x47a Drivers\STM32F4xx_HAL_Driver\Src\stm32f4xx_hal_gpio.o
 .debug_line    0x00002168     0x1887 Drivers\STM32F4xx_HAL_Driver\Src\stm32f4xx_hal_i2c.o
 .debug_line    0x000039ef      0x58b Drivers\STM32F4xx_HAL_Driver\Src\stm32f4xx_hal_rcc.o
 .debug_line    0x00003f7a     0x117f Drivers\STM32F4xx_HAL_Driver\Src\stm32f4xx_hal_tim.o
 .debug_line    0x000050f9      0x6cb Drivers\STM32F4xx_HAL_Driver\Src\stm32f4xx_hal_tim_ex.o
 .debug_line    0x000057c4      0xb94 Drivers\STM32F4xx_HAL_Driver\Src\stm32f4xx_hal_usart.o
 .debug_line    0x00006358      0x3aa Src\BLDC.o
 .debug_line    0x00006702      0x3fe Src\MPU6050.o
 .debug_line    0x00006b00      0x376 Src\adc.o
 .debug_line    0x00006e76      0x27f Src\dma.o
 .debug_line    0x000070f5      0x2a9 Src\gpio.o
 .debug_line    0x0000739e      0x3e1 Src\i2c.o
 .debug_line    0x0000777f      0x442 Src\main.o
 .debug_line    0x00007bc1      0x28c Src\stm32f4xx_hal_msp.o
 .debug_line    0x00007e4d      0x42f Src\stm32f4xx_it.o
 .debug_line    0x0000827c      0x275 Src\system_stm32f4xx.o
 .debug_line    0x000084f1      0x442 Src\tim.o
 .debug_line    0x00008933      0x342 Src\usart.o
 .debug_line    0x00008c75       0x7f startup\startup_stm32f407xx.o

.debug_str      0x00000000     0x4dea
 .debug_str     0x00000000      0xf44 Drivers\STM32F4xx_HAL_Driver\Src\stm32f4xx_hal.o
                                0xff2 (size before relaxing)
 .debug_str     0x00000f44      0x685 Drivers\STM32F4xx_HAL_Driver\Src\stm32f4xx_hal_adc.o
                                0xdf2 (size before relaxing)
 .debug_str     0x000015c9      0x2df Drivers\STM32F4xx_HAL_Driver\Src\stm32f4xx_hal_adc_ex.o
                                0xe55 (size before relaxing)
 .debug_str     0x000018a8      0x3c3 Drivers\STM32F4xx_HAL_Driver\Src\stm32f4xx_hal_cortex.o
                               0x10c9 (size before relaxing)
 .debug_str     0x00001c6b      0x2ef Drivers\STM32F4xx_HAL_Driver\Src\stm32f4xx_hal_dma.o
                                0xc25 (size before relaxing)
 .debug_str     0x00001f5a      0x1cd Drivers\STM32F4xx_HAL_Driver\Src\stm32f4xx_hal_gpio.o
                                0x99f (size before relaxing)
 .debug_str     0x00002127      0xa45 Drivers\STM32F4xx_HAL_Driver\Src\stm32f4xx_hal_i2c.o
                               0x13e5 (size before relaxing)
 .debug_str     0x00002b6c      0x2c9 Drivers\STM32F4xx_HAL_Driver\Src\stm32f4xx_hal_rcc.o
                                0xb72 (size before relaxing)
 .debug_str     0x00002e35      0xeda Drivers\STM32F4xx_HAL_Driver\Src\stm32f4xx_hal_tim.o
                               0x1864 (size before relaxing)
 .debug_str     0x00003d0f      0x50d Drivers\STM32F4xx_HAL_Driver\Src\stm32f4xx_hal_tim_ex.o
                               0x1124 (size before relaxing)
 .debug_str     0x0000421c      0x598 Drivers\STM32F4xx_HAL_Driver\Src\stm32f4xx_hal_usart.o
                                0xf87 (size before relaxing)
 .debug_str     0x000047b4       0xde Src\BLDC.o
                                0xbe5 (size before relaxing)
 .debug_str     0x00004892      0x17c Src\MPU6050.o
                                0xd55 (size before relaxing)
 .debug_str     0x00004a0e       0x4c Src\adc.o
                               0x11c1 (size before relaxing)
 .debug_str     0x00004a5a       0x19 Src\dma.o
                                0xc8f (size before relaxing)
 .debug_str     0x00004a73       0x1b Src\gpio.o
                                0x838 (size before relaxing)
 .debug_str     0x00004a8e       0x71 Src\i2c.o
                               0x12e0 (size before relaxing)
 .debug_str     0x00004aff       0xaf Src\main.o
                               0x1a5f (size before relaxing)
 .debug_str     0x00004bae       0x1b Src\stm32f4xx_hal_msp.o
                                0xca7 (size before relaxing)
 .debug_str     0x00004bc9      0x17d Src\stm32f4xx_it.o
                               0x1280 (size before relaxing)
 .debug_str     0x00004d46       0x45 Src\system_stm32f4xx.o
                                0x803 (size before relaxing)
 .debug_str     0x00004d8b       0x44 Src\tim.o
                               0x1430 (size before relaxing)
 .debug_str     0x00004dcf       0x1b Src\usart.o
                               0x11ac (size before relaxing)

.comment        0x00000000       0x7c
 .comment       0x00000000       0x7c Drivers\STM32F4xx_HAL_Driver\Src\stm32f4xx_hal.o
                                 0x7d (size before relaxing)
 .comment       0x0000007c       0x7d Drivers\STM32F4xx_HAL_Driver\Src\stm32f4xx_hal_adc.o
 .comment       0x0000007c       0x7d Drivers\STM32F4xx_HAL_Driver\Src\stm32f4xx_hal_adc_ex.o
 .comment       0x0000007c       0x7d Drivers\STM32F4xx_HAL_Driver\Src\stm32f4xx_hal_cortex.o
 .comment       0x0000007c       0x7d Drivers\STM32F4xx_HAL_Driver\Src\stm32f4xx_hal_dma.o
 .comment       0x0000007c       0x7d Drivers\STM32F4xx_HAL_Driver\Src\stm32f4xx_hal_gpio.o
 .comment       0x0000007c       0x7d Drivers\STM32F4xx_HAL_Driver\Src\stm32f4xx_hal_i2c.o
 .comment       0x0000007c       0x7d Drivers\STM32F4xx_HAL_Driver\Src\stm32f4xx_hal_rcc.o
 .comment       0x0000007c       0x7d Drivers\STM32F4xx_HAL_Driver\Src\stm32f4xx_hal_tim.o
 .comment       0x0000007c       0x7d Drivers\STM32F4xx_HAL_Driver\Src\stm32f4xx_hal_tim_ex.o
 .comment       0x0000007c       0x7d Drivers\STM32F4xx_HAL_Driver\Src\stm32f4xx_hal_usart.o
 .comment       0x0000007c       0x7d Src\BLDC.o
 .comment       0x0000007c       0x7d Src\MPU6050.o
 .comment       0x0000007c       0x7d Src\adc.o
 .comment       0x0000007c       0x7d Src\dma.o
 .comment       0x0000007c       0x7d Src\gpio.o
 .comment       0x0000007c       0x7d Src\i2c.o
 .comment       0x0000007c       0x7d Src\main.o
 .comment       0x0000007c       0x7d Src\stm32f4xx_hal_msp.o
 .comment       0x0000007c       0x7d Src\stm32f4xx_it.o
 .comment       0x0000007c       0x7d Src\system_stm32f4xx.o
 .comment       0x0000007c       0x7d Src\tim.o
 .comment       0x0000007c       0x7d Src\usart.o

.debug_frame    0x00000000     0x2740
 .debug_frame   0x00000000      0x1d0 Drivers\STM32F4xx_HAL_Driver\Src\stm32f4xx_hal.o
 .debug_frame   0x000001d0      0x244 Drivers\STM32F4xx_HAL_Driver\Src\stm32f4xx_hal_adc.o
 .debug_frame   0x00000414      0x160 Drivers\STM32F4xx_HAL_Driver\Src\stm32f4xx_hal_adc_ex.o
 .debug_frame   0x00000574      0x158 Drivers\STM32F4xx_HAL_Driver\Src\stm32f4xx_hal_cortex.o
 .debug_frame   0x000006cc      0x150 Drivers\STM32F4xx_HAL_Driver\Src\stm32f4xx_hal_dma.o
 .debug_frame   0x0000081c       0xd8 Drivers\STM32F4xx_HAL_Driver\Src\stm32f4xx_hal_gpio.o
 .debug_frame   0x000008f4      0x684 Drivers\STM32F4xx_HAL_Driver\Src\stm32f4xx_hal_i2c.o
 .debug_frame   0x00000f78      0x13c Drivers\STM32F4xx_HAL_Driver\Src\stm32f4xx_hal_rcc.o
 .debug_frame   0x000010b4      0x854 Drivers\STM32F4xx_HAL_Driver\Src\stm32f4xx_hal_tim.o
 .debug_frame   0x00001908      0x330 Drivers\STM32F4xx_HAL_Driver\Src\stm32f4xx_hal_tim_ex.o
 .debug_frame   0x00001c38      0x3d0 Drivers\STM32F4xx_HAL_Driver\Src\stm32f4xx_hal_usart.o
 .debug_frame   0x00002008       0xa0 Src\BLDC.o
 .debug_frame   0x000020a8      0x110 Src\MPU6050.o
 .debug_frame   0x000021b8       0x74 Src\adc.o
 .debug_frame   0x0000222c       0x2c Src\dma.o
 .debug_frame   0x00002258       0x38 Src\gpio.o
 .debug_frame   0x00002290       0x94 Src\i2c.o
 .debug_frame   0x00002324       0x70 Src\main.o
 .debug_frame   0x00002394       0x2c Src\stm32f4xx_hal_msp.o
 .debug_frame   0x000023c0      0x174 Src\stm32f4xx_it.o
 .debug_frame   0x00002534       0x38 Src\system_stm32f4xx.o
 .debug_frame   0x0000256c       0xd4 Src\tim.o
 .debug_frame   0x00002640       0x74 Src\usart.o
 .debug_frame   0x000026b4       0x2c c:/program files (x86)/atollic/truestudio for stm32 9.1.0/armtools/bin/../lib/gcc/arm-atollic-eabi/6.3.1/../../../../arm-atollic-eabi/lib/armv7e-m/fpu\libc_nano.a(lib_a-init.o)
 .debug_frame   0x000026e0       0x2c c:/program files (x86)/atollic/truestudio for stm32 9.1.0/armtools/bin/../lib/gcc/arm-atollic-eabi/6.3.1/armv7e-m/fpu\libgcc.a(_aeabi_uldivmod.o)
 .debug_frame   0x0000270c       0x34 c:/program files (x86)/atollic/truestudio for stm32 9.1.0/armtools/bin/../lib/gcc/arm-atollic-eabi/6.3.1/armv7e-m/fpu\libgcc.a(_udivmoddi4.o)
