stm32f4xx_it.c:62:6:NMI_Handler	0	static
stm32f4xx_it.c:75:6:HardFault_Handler	0	static
stm32f4xx_it.c:93:6:MemManage_Handler	0	static
stm32f4xx_it.c:111:6:BusFault_Handler	0	static
stm32f4xx_it.c:129:6:UsageFault_Handler	0	static
stm32f4xx_it.c:147:6:SVC_Handler	0	static
stm32f4xx_it.c:160:6:DebugMon_Handler	0	static
stm32f4xx_it.c:173:6:PendSV_Handler	0	static
stm32f4xx_it.c:186:6:SysTick_Handler	8	static
stm32f4xx_it.c:208:6:DMA1_Stream0_IRQHandler	0	static
stm32f4xx_it.c:222:6:DMA1_Stream2_IRQHandler	0	static
stm32f4xx_it.c:236:6:DMA1_Stream6_IRQHandler	0	static
stm32f4xx_it.c:250:6:ADC_IRQHandler	8	static
stm32f4xx_it.c:265:6:TIM1_UP_TIM10_IRQHandler	8	static
stm32f4xx_it.c:280:6:I2C1_EV_IRQHandler	0	static
stm32f4xx_it.c:294:6:I2C1_ER_IRQHandler	0	static
stm32f4xx_it.c:308:6:I2C2_EV_IRQHandler	0	static
stm32f4xx_it.c:322:6:I2C2_ER_IRQHandler	0	static
stm32f4xx_it.c:336:6:USART3_IRQHandler	0	static
stm32f4xx_it.c:350:6:DMA1_Stream7_IRQHandler	0	static
